func: lcd_inESP-ROM:esp32s3-20210327
Build:Mar 27 2021
rst:0x15 (USB_UART_CHIP_RESET),boot:0x2a (SPI_FAST_FLASH_BOOT)
Saved PC:0x40048836
SPIWP:0xee
mode:DIO, clock div:1
load:0x3fce2810,len:0x1564
load:0x403c8700,len:0x4
load:0x403c8704,len:0xd24
load:0x403cb700,len:0x2ed4
entry 0x403c8928
[0;32mI (26) boot: ESP-IDF v5.4.3 2nd stage bootloader[0m
[0;32mI (27) boot: compile time Apr  8 2026 10:58:48[0m
[0;32mI (27) boot: Multicore bootloader[0m
[0;32mI (27) boot: chip revision: v0.2[0m
[0;32mI (30) boot: efuse block revision: v1.3[0m
[0;32mI (33) boot.esp32s3: Boot SPI Speed : 80MHz[0m
[0;32mI (37) boot.esp32s3: SPI Mode       : DIO[0m
[0;32mI (41) boot.esp32s3: SPI Flash Size : 2MB[0m
[0;32mI (45) boot: Enabling RNG early entropy source...[0m
[0;32mI (49) boot: Partition Table:[0m
[0;32mI (52) boot: ## Label            Usage          Type ST Offset   Length[0m
[0;32mI (58) boot:  0 nvs              WiFi data        01 02 00009000 00006000[0m
[0;32mI (65) boot:  1 phy_init         RF data          01 01 0000f000 00001000[0m
[0;32mI (71) boot:  2 factory          factory app      00 00 00010000 00100000[0m
[0;32mI (78) boot: End of partition table[0m
[0;32mI (81) esp_image: segment 0: paddr=00010020 vaddr=3c020020 size=0bce4h ( 48356) map[0m
[0;32mI (97) esp_image: segment 1: paddr=0001bd0c vaddr=3fc93100 size=02d64h ( 11620) load[0m
[0;32mI (100) esp_image: segment 2: paddr=0001ea78 vaddr=40374000 size=015a0h (  5536) load[0m
[0;32mI (105) esp_image: segment 3: paddr=00020020 vaddr=42000020 size=18974h (100724) map[0m
[0;32mI (129) esp_image: segment 4: paddr=0003899c vaddr=403755a0 size=0daf8h ( 56056) load[0m
[0;32mI (141) esp_image: segment 5: paddr=0004649c vaddr=50000000 size=0001ch (    28) load[0m
[0;32mI (147) boot: Loaded app from partition at offset 0x10000[0m
[0;32mI (148) boot: Disabling RNG early entropy source...[0m
[0;32mI (159) cpu_start: Multicore app[0m
[0;32mI (168) cpu_start: Pro cpu start user code[0m
[0;32mI (168) cpu_start: cpu freq: 160000000 Hz[0m
[0;32mI (168) app_init: Application information:[0m
[0;32mI (168) app_init: Project name:     blink[0m
[0;32mI (172) app_init: App version:      9f79e94-dirty[0m
[0;32mI (176) app_init: Compile time:     Apr  8 2026 10:58:42[0m
[0;32mI (181) app_init: ELF file SHA256:  ec9daf13a...[0m
[0;32mI (186) app_init: ESP-IDF:          v5.4.3[0m
[0;32mI (189) efuse_init: Min chip rev:     v0.0[0m
[0;32mI (193) efuse_init: Max chip rev:     v0.99 [0m
[0;32mI (197) efuse_init: Chip rev:         v0.2[0m
[0;32mI (201) heap_init: Initializing. RAM available for dynamic allocation:[0m
[0;32mI (207) heap_init: At 3FC96750 len 00052FC0 (331 KiB): RAM[0m
[0;32mI (212) heap_init: At 3FCE9710 len 00005724 (21 KiB): RAM[0m
[0;32mI (218) heap_init: At 3FCF0000 len 00008000 (32 KiB): DRAM[0m
[0;32mI (223) heap_init: At 600FE000 len 00001FE8 (7 KiB): RTCRAM[0m
[0;32mI (229) spi_flash: detected chip: generic[0m
[0;32mI (232) spi_flash: flash io: dio[0m
[0;33mW (235) spi_flash: Detected size(8192k) larger than the size in the binary image header(2048k). Using the size in the binary image header.[0m
[0;32mI (247) sleep_gpio: Configure to isolate all GPIO pins in sleep state[0m
[0;32mI (253) sleep_gpio: Enable automatic switching of GPIO sleep configuration[0m
[0;32mI (260) main_task: Started on CPU0[0m
[0;32mI (270) main_task: Calling app_main()[0m
[0;32mI (270) code_display: ===========================================[0m
[0;32mI (270) code_display:   ESP32-S3-LCD-EV-Board Code Display Demo[0m
[0;32mI (280) code_display:   Screen: 480x480 RGB LCD (3.95 inch)[0m
[0;32mI (280) code_display: ===========================================[0m
[0;32mI (290) code_display: 初始化 ESP32-S3-LCD-EV-Board RGB LCD...[0m
[0;32mI (290) gpio: GPIO[45]| InputEn: 0| OutputEn: 1| OpenDrain: 0| Pullup: 0| Pulldown: 0| Intr:0 [0m
[0;32mI (300) code_display: 创建 RGB 面板...[0m
[1;31mE (310) lcd_panel.rgb: lcd_rgb_panel_alloc_frame_buffers(163): no mem for frame buffer[0m
[1;31mE (310) lcd_panel.rgb: esp_lcd_new_rgb_panel(346): alloc frame buffers failed[0m
ESP_ERROR_CHECK failed: esp_err_t 0x101 (ESP_ERR_NO_MEM) at 0x4200a40b
file: "./main/blink_example_main.c" line 186
func: lcd_init
expression: esp_lcd_new_rgb_panel(&rgb_config, &s_panel_handle)

abort() was called at PC 0x4037a727 on core 0


Backtrace: 0x40375b01:0x3fc98e40 0x4037a731:0x3fc98e60 0x40381015:0x3fc98e80 0x4037a727:0x3fc98ef0 0x4200a40b:0x3fc98f20 0x4200ab82:0x3fc99010 0x42017ccf:0x3fc99030 0x4037af1d:0x3fc99060




ELF file SHA256: ec9daf13a

Rebooting...
ESP-ROM:esp32s3-20210327
Build:Mar 27 2021
rst:0xc (RTC_SW_CPU_RST),boot:0x2a (SPI_FAST_FLASH_BOOT)
Saved PC:0x40375a40
SPIWP:0xee
mode:DIO, clock div:1
load:0x3fce2810,len:0x1564
load:0x403c8700,len:0x4
load:0x403c8704,len:0xd24
load:0x403cb700,len:0x2ed4
entry 0x403c8928
[0;32mI (26) boot: ESP-IDF v5.4.3 2nd stage bootloader[0m
[0;32mI (26) boot: compile time Apr  8 2026 10:58:48[0m
[0;32mI (26) boot: Multicore bootloader[0m
[0;32mI (27) boot: chip revision: v0.2[0m
[0;32mI (29) boot: efuse block revision: v1.3[0m
[0;32mI (33) boot.esp32s3: Boot SPI Speed : 80MHz[0m
[0;32mI (37) boot.esp32s3: SPI Mode       : DIO[0m
[0;32mI (40) boot.esp32s3: SPI Flash Size : 2MB[0m
[0;32mI (44) boot: Enabling RNG early entropy source...[0m
[0;32mI (49) boot: Partition Table:[0m
[0;32mI (51) boot: ## Label            Usage          Type ST Offset   Length[0m
[0;32mI (58) boot:  0 nvs              WiFi data        01 02 00009000 00006000[0m
[0;32mI (64) boot:  1 phy_init         RF data          01 01 0000f000 00001000[0m
[0;32mI (71) boot:  2 factory          factory app      00 00 00010000 00100000[0m
[0;32mI (77) boot: End of partition table[0m
[0;32mI (80) esp_image: segment 0: paddr=00010020 vaddr=3c020020 size=0bce4h ( 48356) map[0m
[0;32mI (96) esp_image: segment 1: paddr=0001bd0c vaddr=3fc93100 size=02d64h ( 11620) load[0m
[0;32mI (99) esp_image: segment 2: paddr=0001ea78 vaddr=40374000 size=015a0h (  5536) load[0m
[0;32mI (104) esp_image: segment 3: paddr=00020020 vaddr=42000020 size=18974h (100724) map[0m
[0;32mI (128) esp_image: segment 4: paddr=0003899c vaddr=403755a0 size=0daf8h ( 56056) load[0m
[0;32mI (141) esp_image: segment 5: paddr=0004649c vaddr=50000000 size=0001ch (    28) load[0m
[0;32mI (147) boot: Loaded app from partition at offset 0x10000[0m
[0;32mI (147) boot: Disabling RNG early entropy source...[0m
[0;32mI (158) cpu_start: Multicore app[0m
[0;32mI (167) cpu_start: Pro cpu start user code[0m
[0;32mI (167) cpu_start: cpu freq: 160000000 Hz[0m
[0;32mI (168) app_init: Application information:[0m
[0;32mI (168) app_init: Project name:     blink[0m
[0;32mI (171) app_init: App version:      9f79e94-dirty[0m
[0;32mI (176) app_init: Compile time:     Apr  8 2026 10:58:42[0m
[0;32mI (181) app_init: ELF file SHA256:  ec9daf13a...[0m
[0;32mI (185) app_init: ESP-IDF:          v5.4.3[0m
[0;32mI (189) efuse_init: Min chip rev:     v0.0[0m
[0;32mI (193) efuse_init: Max chip rev:     v0.99 [0m
[0;32mI (197) efuse_init: Chip rev:         v0.2[0m
[0;32mI (201) heap_init: Initializing. RAM available for dynamic allocation:[0m
[0;32mI (207) heap_init: At 3FC96750 len 00052FC0 (331 KiB): RAM[0m
[0;32mI (212) heap_init: At 3FCE9710 len 00005724 (21 KiB): RAM[0m
[0;32mI (217) heap_init: At 3FCF0000 len 00008000 (32 KiB): DRAM[0m
[0;32mI (222) heap_init: At 600FE000 len 00001FE8 (7 KiB): RTCRAM[0m
[0;32mI (229) spi_flash: detected chip: generic[0m
[0;32mI (231) spi_flash: flash io: dio[0m
[0;33mW (234) spi_flash: Detected size(8192k) larger than the size in the binary image header(2048k). Using the size in the binary image header.[0m
[0;32mI (246) sleep_gpio: Configure to isolate all GPIO pins in sleep state[0m
[0;32mI (253) sleep_gpio: Enable automatic switching of GPIO sleep configuration[0m
[0;32mI (260) main_task: Started on CPU0[0m
[0;32mI (270) main_task: Calling app_main()[0m
[0;32mI (270) code_display: ===========================================[0m
[0;32mI (270) code_display:   ESP32-S3-LCD-EV-Board Code Display Demo[0m
[0;32mI (280) code_display:   Screen: 480x480 RGB LCD (3.95 inch)[0m
[0;32mI (280) code_display: ===========================================[0m
[0;32mI (290) code_display: 初始化 ESP32-S3-LCD-EV-Board RGB LCD...[0m
[0;32mI (290) gpio: GPIO[45]| InputEn: 0| OutputEn: 1| OpenDrain: 0| Pullup: 0| Pulldown: 0| Intr:0 [0m
[0;32mI (300) code_display: 创建 RGB 面板...[0m
[1;31mE (310) lcd_panel.rgb: lcd_rgb_panel_alloc_frame_buffers(163): no mem for frame buffer[0m
[1;31mE (310) lcd_panel.rgb: esp_lcd_new_rgb_panel(346): alloc frame buffers failed[0m
ESP_ERROR_CHECK failed: esp_err_t 0x101 (ESP_ERR_NO_MEM) at 0x4200a40b
file: "./main/blink_example_main.c" line 186
func: lcd_init
expression: esp_lcd_new_rgb_panel(&rgb_config, &s_panel_handle)

abort() was called at PC 0x4037a727 on core 0


Backtrace: 0x40375b01:0x3fc98e40 0x4037a731:0x3fc98e60 0x40381015:0x3fc98e80 0x4037a727:0x3fc98ef0 0x4200a40b:0x3fc98f20 0x4200ab82:0x3fc99010 0x42017ccf:0x3fc99030 0x4037af1d:0x3fc99060




ELF file SHA256: ec9daf13a

Rebooting...
ESP-ROM:esp32s3-20210327
Build:Mar 27 2021
rst:0xc (RTC_SW_CPU_RST),boot:0x2a (SPI_FAST_FLASH_BOOT)
Saved PC:0x40375a40
SPIWP:0xee
mode:DIO, clock div:1
load:0x3fce2810,len:0x1564
load:0x403c8700,len:0x4
load:0x403c8704,len:0xd24
load:0x403cb700,len:0x2ed4
entry 0x403c8928
[0;32mI (26) boot: ESP-IDF v5.4.3 2nd stage bootloader[0m
[0;32mI (26) boot: compile time Apr  8 2026 10:58:48[0m
[0;32mI (26) boot: Multicore bootloader[0m
[0;32mI (27) boot: chip revision: v0.2[0m
[0;32mI (29) boot: efuse block revision: v1.3[0m
[0;32mI (33) boot.esp32s3: Boot SPI Speed : 80MHz[0m
[0;32mI (37) boot.esp32s3: SPI Mode       : DIO[0m
[0;32mI (40) boot.esp32s3: SPI Flash Size : 2MB[0m
[0;32mI (44) boot: Enabling RNG early entropy source...[0m
[0;32mI (49) boot: Partition Table:[0m
[0;32mI (51) boot: ## Label            Usage          Type ST Offset   Length[0m
[0;32mI (58) boot:  0 nvs              WiFi data        01 02 00009000 00006000[0m
[0;32mI (64) boot:  1 phy_init         RF data          01 01 0000f000 00001000[0m
[0;32mI (71) boot:  2 factory          factory app      00 00 00010000 00100000[0m
[0;32mI (77) boot: End of partition table[0m
[0;32mI (80) esp_image: segment 0: paddr=00010020 vaddr=3c020020 size=0bce4h ( 48356) map[0m
[0;32mI (96) esp_image: segment 1: paddr=0001bd0c vaddr=3fc93100 size=02d64h ( 11620) load[0m
[0;32mI (99) esp_image: segment 2: paddr=0001ea78 vaddr=40374000 size=015a0h (  5536) load[0m
[0;32mI (104) esp_image: segment 3: paddr=00020020 vaddr=42000020 size=18974h (100724) map[0m
[0;32mI (128) esp_image: segment 4: paddr=0003899c vaddr=403755a0 size=0daf8h ( 56056) load[0m
[0;32mI (141) esp_image: segment 5: paddr=0004649c vaddr=50000000 size=0001ch (    28) load[0m
[0;32mI (147) boot: Loaded app from partition at offset 0x10000[0m
[0;32mI (147) boot: Disabling RNG early entropy source...[0m
[0;32mI (158) cpu_start: Multicore app[0m
[0;32mI (167) cpu_start: Pro cpu start user code[0m
[0;32mI (167) cpu_start: cpu freq: 160000000 Hz[0m
[0;32mI (168) app_init: Application information:[0m
[0;32mI (168) app_init: Project name:     blink[0m
[0;32mI (171) app_init: App version:      9f79e94-dirty[0m
[0;32mI (176) app_init: Compile time:     Apr  8 2026 10:58:42[0m
[0;32mI (181) app_init: ELF file SHA256:  ec9daf13a...[0m
[0;32mI (185) app_init: ESP-IDF:          v5.4.3[0m
[0;32mI (189) efuse_init: Min chip rev:     v0.0[0m
[0;32mI (193) efuse_init: Max chip rev:     v0.99 [0m
[0;32mI (197) efuse_init: Chip rev:         v0.2[0m
[0;32mI (201) heap_init: Initializing. RAM available for dynamic allocation:[0m
[0;32mI (207) heap_init: At 3FC96750 len 00052FC0 (331 KiB): RAM[0m
[0;32mI (212) heap_init: At 3FCE9710 len 00005724 (21 KiB): RAM[0m
[0;32mI (217) heap_init: At 3FCF0000 len 00008000 (32 KiB): DRAM[0m
[0;32mI (222) heap_init: At 600FE000 len 00001FE8 (7 KiB): RTCRAM[0m
[0;32mI (229) spi_flash: detected chip: generic[0m
[0;32mI (231) spi_flash: flash io: dio[0m
[0;33mW (234) spi_flash: Detected size(8192k) larger than the size in the binary image header(2048k). Using the size in the binary image header.[0m
[0;32mI (246) sleep_gpio: Configure to isolate all GPIO pins in sleep state[0m
[0;32mI (253) sleep_gpio: Enable automatic switching of GPIO sleep configuration[0m
[0;32mI (260) main_task: Started on CPU0[0m
[0;32mI (270) main_task: Calling app_main()[0m
[0;32mI (270) code_display: ===========================================[0m
[0;32mI (270) code_display:   ESP32-S3-LCD-EV-Board Code Display Demo[0m
[0;32mI (280) code_display:   Screen: 480x480 RGB LCD (3.95 inch)[0m
[0;32mI (280) code_display: ===========================================[0m
[0;32mI (290) code_display: 初始化 ESP32-S3-LCD-EV-Board RGB LCD...[0m
[0;32mI (290) gpio: GPIO[45]| InputEn: 0| OutputEn: 1| OpenDrain: 0| Pullup: 0| Pulldown: 0| Intr:0 [0m
[0;32mI (300) code_display: 创建 RGB 面板...[0m
[1;31mE (310) lcd_panel.rgb: lcd_rgb_panel_alloc_frame_buffers(163): no mem for frame buffer[0m
[1;31mE (310) lcd_panel.rgb: esp_lcd_new_rgb_panel(346): alloc frame buffers failed[0m
ESP_ERROR_CHECK failed: esp_err_t 0x101 (ESP_ERR_NO_MEM) at 0x4200a40b
file: "./main/blink_example_main.c" line 186
func: lcd_init
expression: esp_lcd_new_rgb_panel(&rgb_config, &s_panel_handle)

abort() was called at PC 0x4037a727 on core 0


Backtrace: 0x40375b01:0x3fc98e40 0x4037a731:0x3fc98e60 0x40381015:0x3fc98e80 0x4037a727:0x3fc98ef0 0x4200a40b:0x3fc98f20 0x4200ab82:0x3fc99010 0x42017ccf:0x3fc99030 0x4037af1d:0x3fc99060




ELF file SHA256: ec9daf13a

Rebooting...
ESP-ROM:esp32s3-20210327
Build:Mar 27 2021
rst:0xc (RTC_SW_CPU_RST),boot:0x2a (SPI_FAST_FLASH_BOOT)
Saved PC:0x40375a40
SPIWP:0xee
mode:DIO, clock div:1
load:0x3fce2810,len:0x1564
load:0x403c8700,len:0x4
load:0x403c8704,len:0xd24
load:0x403cb700,len:0x2ed4
entry 0x403c8928
[0;32mI (26) boot: ESP-IDF v5.4.3 2nd stage bootloader[0m
[0;32mI (26) boot: compile time Apr  8 2026 10:58:48[0m
[0;32mI (26) boot: Multicore bootloader[0m
[0;32mI (27) boot: chip revision: v0.2[0m
[0;32mI (29) boot: efuse block revision: v1.3[0m
[0;32mI (33) boot.esp32s3: Boot SPI Speed : 80MHz[0m
[0;32mI (37) boot.esp32s3: SPI Mode       : DIO[0m
[0;32mI (40) boot.esp32s3: SPI Flash Size : 2MB[0m
[0;32mI (44) boot: Enabling RNG early entropy source...[0m
[0;32mI (49) boot: Partition Table:[0m
[0;32mI (51) boot: ## Label            Usage          Type ST Offset   Length[0m
[0;32mI (58) boot:  0 nvs              WiFi data        01 02 00009000 00006000[0m
[0;32mI (64) boot:  1 phy_init         RF data          01 01 0000f000 00001000[0m
[0;32mI (71) boot:  2 factory          factory app      00 00 00010000 00100000[0m
[0;32mI (77) boot: End of partition table[0m
[0;32mI (80) esp_image: segment 0: paddr=00010020 vaddr=3c020020 size=0bce4h ( 48356) map[0m
[0;32mI (96) esp_image: segment 1: paddr=0001bd0c vaddr=3fc93100 size=02d64h ( 11620) load[0m
[0;32mI (99) esp_image: segment 2: paddr=0001ea78 vaddr=40374000 size=015a0h (  5536) load[0m
[0;32mI (104) esp_image: segment 3: paddr=00020020 vaddr=42000020 size=18974h (100724) map[0m
[0;32mI (128) esp_image: segment 4: paddr=0003899c vaddr=403755a0 size=0daf8h ( 56056) load[0m
[0;32mI (141) esp_image: segment 5: paddr=0004649c vaddr=50000000 size=0001ch (    28) load[0m
[0;32mI (147) boot: Loaded app from partition at offset 0x10000[0m
[0;32mI (147) boot: Disabling RNG early entropy source...[0m
[0;32mI (158) cpu_start: Multicore app[0m
[0;32mI (167) cpu_start: Pro cpu start user code[0m
[0;32mI (167) cpu_start: cpu freq: 160000000 Hz[0m
[0;32mI (168) app_init: Application information:[0m
[0;32mI (168) app_init: Project name:     blink[0m
[0;32mI (171) app_init: App version:      9f79e94-dirty[0m
[0;32mI (176) app_init: Compile time:     Apr  8 2026 10:58:42[0m
[0;32mI (181) app_init: ELF file SHA256:  ec9daf13a...[0m
[0;32mI (185) app_init: ESP-IDF:          v5.4.3[0m
[0;32mI (189) efuse_init: Min chip rev:     v0.0[0m
[0;32mI (193) efuse_init: Max chip rev:     v0.99 [0m
[0;32mI (197) efuse_init: Chip rev:         v0.2[0m
[0;32mI (201) heap_init: Initializing. RAM available for dynamic allocation:[0m
[0;32mI (207) heap_init: At 3FC96750 len 00052FC0 (331 KiB): RAM[0m
[0;32mI (212) heap_init: At 3FCE9710 len 00005724 (21 KiB): RAM[0m
[0;32mI (217) heap_init: At 3FCF0000 len 00008000 (32 KiB): DRAM[0m
[0;32mI (222) heap_init: At 600FE000 len 00001FE8 (7 KiB): RTCRAM[0m
[0;32mI (229) spi_flash: detected chip: generic[0m
[0;32mI (231) spi_flash: flash io: dio[0m
[0;33mW (234) spi_flash: Detected size(8192k) larger than the size in the binary image header(2048k). Using the size in the binary image header.[0m
[0;32mI (246) sleep_gpio: Configure to isolate all GPIO pins in sleep state[0m
[0;32mI (253) sleep_gpio: Enable automatic switching of GPIO sleep configuration[0m
[0;32mI (260) main_task: Started on CPU0[0m
[0;32mI (270) main_task: Calling app_main()[0m
[0;32mI (270) code_display: ===========================================[0m
[0;32mI (270) code_display:   ESP32-S3-LCD-EV-Board Code Display Demo[0m
[0;32mI (280) code_display:   Screen: 480x480 RGB LCD (3.95 inch)[0m
[0;32mI (280) code_display: ===========================================[0m
[0;32mI (290) code_display: 初始化 ESP32-S3-LCD-EV-Board RGB LCD...[0m
[0;32mI (290) gpio: GPIO[45]| InputEn: 0| OutputEn: 1| OpenDrain: 0| Pullup: 0| Pulldown: 0| Intr:0 [0m
[0;32mI (300) code_display: 创建 RGB 面板...[0m
[1;31mE (310) lcd_panel.rgb: lcd_rgb_panel_alloc_frame_buffers(163): no mem for frame buffer[0m
[1;31mE (310) lcd_panel.rgb: esp_lcd_new_rgb_panel(346): alloc frame buffers failed[0m
ESP_ERROR_CHECK failed: esp_err_t 0x101 (ESP_ERR_NO_MEM) at 0x4200a40b
file: "./main/blink_example_main.c" line 186
func: lcd_init
expression: esp_lcd_new_rgb_panel(&rgb_config, &s_panel_handle)

abort() was called at PC 0x4037a727 on core 0


Backtrace: 0x40375b01:0x3fc98e40 0x4037a731:0x3fc98e60 0x40381015:0x3fc98e80 0x4037a727:0x3fc98ef0 0x4200a40b:0x3fc98f20 0x4200ab82:0x3fc99010 0x42017ccf:0x3fc99030 0x4037af1d:0x3fc99060




ELF file SHA256: ec9daf13a

Rebooting...
ESP-ROM:esp32s3-20210327
Build:Mar 27 2021
rst:0xc (RTC_SW_CPU_RST),boot:0x2a (SPI_FAST_FLASH_BOOT)
Saved PC:0x40375a40
SPIWP:0xee
mode:DIO, clock div:1
load:0x3fce2810,len:0x1564
load:0x403c8700,len:0x4
load:0x403c8704,len:0xd24
load:0x403cb700,len:0x2ed4
entry 0x403c8928
[0;32mI (26) boot: ESP-IDF v5.4.3 2nd stage bootloader[0m
[0;32mI (26) boot: compile time Apr  8 2026 10:58:48[0m
[0;32mI (26) boot: Multicore bootloader[0m
[0;32mI (27) boot: chip revision: v0.2[0m
[0;32mI (29) boot: efuse block revision: v1.3[0m
[0;32mI (33) boot.esp32s3: Boot SPI Speed : 80MHz[0m
[0;32mI (37) boot.esp32s3: SPI Mode       : DIO[0m
[0;32mI (40) boot.esp32s3: SPI Flash Size : 2MB[0m
[0;32mI (44) boot: Enabling RNG early entropy source...[0m
[0;32mI (49) boot: Partition Table:[0m
[0;32mI (51) boot: ## Label            Usage          Type ST Offset   Length[0m
[0;32mI (58) boot:  0 nvs              WiFi data        01 02 00009000 00006000[0m
[0;32mI (64) boot:  1 phy_init         RF data          01 01 0000f000 00001000[0m
[0;32mI (71) boot:  2 factory          factory app      00 00 00010000 00100000[0m
[0;32mI (77) boot: End of partition table[0m
[0;32mI (80) esp_image: segment 0: paddr=00010020 vaddr=3c020020 size=0bce4h ( 48356) map[0m
[0;32mI (96) esp_image: segment 1: paddr=0001bd0c vaddr=3fc93100 size=02d64h ( 11620) load[0m
[0;32mI (99) esp_image: segment 2: paddr=0001ea78 vaddr=40374000 size=015a0h (  5536) load[0m
[0;32mI (104) esp_image: segment 3: paddr=00020020 vaddr=42000020 size=18974h (100724) map[0m
[0;32mI (128) esp_image: segment 4: paddr=0003899c vaddr=403755a0 size=0daf8h ( 56056) load[0m
[0;32mI (141) esp_image: segment 5: paddr=0004649c vaddr=50000000 size=0001ch (    28) load[0m
[0;32mI (147) boot: Loaded app from partition at offset 0x10000[0m
[0;32mI (147) boot: Disabling RNG early entropy source...[0m
[0;32mI (158) cpu_start: Multicore app[0m
[0;32mI (167) cpu_start: Pro cpu start user code[0m
[0;32mI (167) cpu_start: cpu freq: 160000000 Hz[0m
[0;32mI (168) app_init: Application information:[0m
[0;32mI (168) app_init: Project name:     blink[0m
[0;32mI (171) app_init: App version:      9f79e94-dirty[0m
[0;32mI (176) app_init: Compile time:     Apr  8 2026 10:58:42[0m
[0;32mI (181) app_init: ELF file SHA256:  ec9daf13a...[0m
[0;32mI (185) app_init: ESP-IDF:          v5.4.3[0m
[0;32mI (189) efuse_init: Min chip rev:     v0.0[0m
[0;32mI (193) efuse_init: Max chip rev:     v0.99 [0m
[0;32mI (197) efuse_init: Chip rev:         v0.2[0m
[0;32mI (201) heap_init: Initializing. RAM available for dynamic allocation:[0m
[0;32mI (207) heap_init: At 3FC96750 len 00052FC0 (331 KiB): RAM[0m
[0;32mI (212) heap_init: At 3FCE9710 len 00005724 (21 KiB): RAM[0m
[0;32mI (217) heap_init: At 3FCF0000 len 00008000 (32 KiB): DRAM[0m
[0;32mI (222) heap_init: At 600FE000 len 00001FE8 (7 KiB): RTCRAM[0m
[0;32mI (229) spi_flash: detected chip: generic[0m
[0;32mI (231) spi_flash: flash io: dio[0m
[0;33mW (234) spi_flash: Detected size(8192k) larger than the size in the binary image header(2048k). Using the size in the binary image header.[0m
[0;32mI (246) sleep_gpio: Configure to isolate all GPIO pins in sleep state[0m
[0;32mI (253) sleep_gpio: Enable automatic switching of GPIO sleep configuration[0m
[0;32mI (260) main_task: Started on CPU0[0m
[0;32mI (270) main_task: Calling app_main()[0m
[0;32mI (270) code_display: ===========================================[0m
[0;32mI (270) code_display:   ESP32-S3-LCD-EV-Board Code Display Demo[0m
[0;32mI (280) code_display:   Screen: 480x480 RGB LCD (3.95 inch)[0m
[0;32mI (280) code_display: ===========================================[0m
[0;32mI (290) code_display: 初始化 ESP32-S3-LCD-EV-Board RGB LCD...[0m
[0;32mI (290) gpio: GPIO[45]| InputEn: 0| OutputEn: 1| OpenDrain: 0| Pullup: 0| Pulldown: 0| Intr:0 [0m
[0;32mI (300) code_display: 创建 RGB 面板...[0m
[1;31mE (310) lcd_panel.rgb: lcd_rgb_panel_alloc_frame_buffers(163): no mem for frame buffer[0m
[1;31mE (310) lcd_panel.rgb: esp_lcd_new_rgb_panel(346): alloc frame buffers failed[0m
ESP_ERROR_CHECK failed: esp_err_t 0x101 (ESP_ERR_NO_MEM) at 0x4200a40b
file: "./main/blink_example_main.c" line 186
func: lcd_init
expression: esp_lcd_new_rgb_panel(&rgb_config, &s_panel_handle)

abort() was called at PC 0x4037a727 on core 0


Backtrace: 0x40375b01:0x3fc98e40 0x4037a731:0x3fc98e60 0x40381015:0x3fc98e80 0x4037a727:0x3fc98ef0 0x4200a40b:0x3fc98f20 0x4200ab82:0x3fc99010 0x42017ccf:0x3fc99030 0x4037af1d:0x3fc99060




ELF file SHA256: ec9daf13a

Rebooting...
ESP-ROM:esp32s3-20210327
Build:Mar 27 2021
rst:0xc (RTC_SW_CPU_RST),boot:0x2a (SPI_FAST_FLASH_BOOT)
Saved PC:0x40375a40
SPIWP:0xee
mode:DIO, clock div:1
load:0x3fce2810,len:0x1564
load:0x403c8700,len:0x4
load:0x403c8704,len:0xd24
load:0x403cb700,len:0x2ed4
entry 0x403c8928
[0;32mI (26) boot: ESP-IDF v5.4.3 2nd stage bootloader[0m
[0;32mI (26) boot: compile time Apr  8 2026 10:58:48[0m
[0;32mI (26) boot: Multicore bootloader[0m
[0;32mI (27) boot: chip revision: v0.2[0m
[0;32mI (29) boot: efuse block revision: v1.3[0m
[0;32mI (33) boot.esp32s3: Boot SPI Speed : 80MHz[0m
[0;32mI (37) boot.esp32s3: SPI Mode       : DIO[0m
[0;32mI (40) boot.esp32s3: SPI Flash Size : 2MB[0m
[0;32mI (44) boot: Enabling RNG early entropy source...[0m
[0;32mI (49) boot: Partition Table:[0m
[0;32mI (51) boot: ## Label            Usage          Type ST Offset   Length[0m
[0;32mI (58) boot:  0 nvs              WiFi data        01 02 00009000 00006000[0m
[0;32mI (64) boot:  1 phy_init         RF data          01 01 0000f000 00001000[0m
[0;32mI (71) boot:  2 factory          factory app      00 00 00010000 00100000[0m
[0;32mI (77) boot: End of partition table[0m
[0;32mI (80) esp_image: segment 0: paddr=00010020 vaddr=3c020020 size=0bce4h ( 48356) map[0m
[0;32mI (96) esp_image: segment 1: paddr=0001bd0c vaddr=3fc93100 size=02d64h ( 11620) load[0m
[0;32mI (99) esp_image: segment 2: paddr=0001ea78 vaddr=40374000 size=015a0h (  5536) load[0m
[0;32mI (104) esp_image: segment 3: paddr=00020020 vaddr=42000020 size=18974h (100724) map[0m
[0;32mI (128) esp_image: segment 4: paddr=0003899c vaddr=403755a0 size=0daf8h ( 56056) load[0m
[0;32mI (141) esp_image: segment 5: paddr=0004649c vaddr=50000000 size=0001ch (    28) load[0m
[0;32mI (147) boot: Loaded app from partition at offset 0x10000[0m
[0;32mI (147) boot: Disabling RNG early entropy source...[0m
[0;32mI (158) cpu_start: Multicore app[0m
[0;32mI (167) cpu_start: Pro cpu start user code[0m
[0;32mI (167) cpu_start: cpu freq: 160000000 Hz[0m
[0;32mI (168) app_init: Application information:[0m
[0;32mI (168) app_init: Project name:     blink[0m
[0;32mI (171) app_init: App version:      9f79e94-dirty[0m
[0;32mI (176) app_init: Compile time:     Apr  8 2026 10:58:42[0m
[0;32mI (181) app_init: ELF file SHA256:  ec9daf13a...[0m
[0;32mI (185) app_init: ESP-IDF:          v5.4.3[0m
[0;32mI (189) efuse_init: Min chip rev:     v0.0[0m
[0;32mI (193) efuse_init: Max chip rev:     v0.99 [0m
[0;32mI (197) efuse_init: Chip rev:         v0.2[0m
[0;32mI (201) heap_init: Initializing. RAM available for dynamic allocation:[0m
[0;32mI (207) heap_init: At 3FC96750 len 00052FC0 (331 KiB): RAM[0m
[0;32mI (212) heap_init: At 3FCE9710 len 00005724 (21 KiB): RAM[0m
[0;32mI (217) heap_init: At 3FCF0000 len 00008000 (32 KiB): DRAM[0m
[0;32mI (222) heap_init: At 600FE000 len 00001FE8 (7 KiB): RTCRAM[0m
[0;32mI (229) spi_flash: detected chip: generic[0m
[0;32mI (231) spi_flash: flash io: dio[0m
[0;33mW (234) spi_flash: Detected size(8192k) larger than the size in the binary image header(2048k). Using the size in the binary image header.[0m
[0;32mI (246) sleep_gpio: Configure to isolate all GPIO pins in sleep state[0m
[0;32mI (253) sleep_gpio: Enable automatic switching of GPIO sleep configuration[0m
[0;32mI (260) main_task: Started on CPU0[0m
[0;32mI (270) main_task: Calling app_main()[0m
[0;32mI (270) code_display: ===========================================[0m
[0;32mI (270) code_display:   ESP32-S3-LCD-EV-Board Code Display Demo[0m
[0;32mI (280) code_display:   Screen: 480x480 RGB LCD (3.95 inch)[0m
[0;32mI (280) code_display: ===========================================[0m
[0;32mI (290) code_display: 初始化 ESP32-S3-LCD-EV-Board RGB LCD...[0m
[0;32mI (290) gpio: GPIO[45]| InputEn: 0| OutputEn: 1| OpenDrain: 0| Pullup: 0| Pulldown: 0| Intr:0 [0m
[0;32mI (300) code_display: 创建 RGB 面板...[0m
[1;31mE (310) lcd_panel.rgb: lcd_rgb_panel_alloc_frame_buffers(163): no mem for frame buffer[0m
[1;31mE (310) lcd_panel.rgb: esp_lcd_new_rgb_panel(346): alloc frame buffers failed[0m
ESP_ERROR_CHECK failed: esp_err_t 0x101 (ESP_ERR_NO_MEM) at 0x4200a40b
file: "./main/blink_example_main.c" line 186
func: lcd_init
expression: esp_lcd_new_rgb_panel(&rgb_config, &s_panel_handle)

abort() was called at PC 0x4037a727 on core 0


Backtrace: 0x40375b01:0x3fc98e40 0x4037a731:0x3fc98e60 0x40381015:0x3fc98e80 0x4037a727:0x3fc98ef0 0x4200a40b:0x3fc98f20 0x4200ab82:0x3fc99010 0x42017ccf:0x3fc99030 0x4037af1d:0x3fc99060




ELF file SHA256: ec9daf13a

Rebooting...
ESP-ROM:esp32s3-20210327
Build:Mar 27 2021
rst:0xc (RTC_SW_CPU_RST),boot:0x2a (SPI_FAST_FLASH_BOOT)
Saved PC:0x40375a40
SPIWP:0xee
mode:DIO, clock div:1
load:0x3fce2810,len:0x1564
load:0x403c8700,len:0x4
load:0x403c8704,len:0xd24
load:0x403cb700,len:0x2ed4
entry 0x403c8928
[0;32mI (26) boot: ESP-IDF v5.4.3 2nd stage bootloader[0m
[0;32mI (26) boot: compile time Apr  8 2026 10:58:48[0m
[0;32mI (26) boot: Multicore bootloader[0m
[0;32mI (27) boot: chip revision: v0.2[0m
[0;32mI (29) boot: efuse block revision: v1.3[0m
[0;32mI (33) boot.esp32s3: Boot SPI Speed : 80MHz[0m
[0;32mI (37) boot.esp32s3: SPI Mode       : DIO[0m
[0;32mI (40) boot.esp32s3: SPI Flash Size : 2MB[0m
[0;32mI (44) boot: Enabling RNG early entropy source...[0m
[0;32mI (49) boot: Partition Table:[0m
[0;32mI (51) boot: ## Label            Usage          Type ST Offset   Length[0m
[0;32mI (58) boot:  0 nvs              WiFi data        01 02 00009000 00006000[0m
[0;32mI (64) boot:  1 phy_init         RF data          01 01 0000f000 00001000[0m
[0;32mI (71) boot:  2 factory          factory app      00 00 00010000 00100000[0m
[0;32mI (77) boot: End of partition table[0m
[0;32mI (80) esp_image: segment 0: paddr=00010020 vaddr=3c020020 size=0bce4h ( 48356) map[0m
[0;32mI (96) esp_image: segment 1: paddr=0001bd0c vaddr=3fc93100 size=02d64h ( 11620) load[0m
[0;32mI (99) esp_image: segment 2: paddr=0001ea78 vaddr=40374000 size=015a0h (  5536) load[0m
[0;32mI (104) esp_image: segment 3: paddr=00020020 vaddr=42000020 size=18974h (100724) map[0m
[0;32mI (128) esp_image: segment 4: paddr=0003899c vaddr=403755a0 size=0daf8h ( 56056) load[0m
[0;32mI (141) esp_image: segment 5: paddr=0004649c vaddr=50000000 size=0001ch (    28) load[0m
[0;32mI (147) boot: Loaded app from partition at offset 0x10000[0m
[0;32mI (147) boot: Disabling RNG early entropy source...[0m
[0;32mI (158) cpu_start: Multicore app[0m
[0;32mI (167) cpu_start: Pro cpu start user code[0m
[0;32mI (167) cpu_start: cpu freq: 160000000 Hz[0m
[0;32mI (168) app_init: Application information:[0m
[0;32mI (168) app_init: Project name:     blink[0m
[0;32mI (171) app_init: App version:      9f79e94-dirty[0m
[0;32mI (176) app_init: Compile time:     Apr  8 2026 10:58:42[0m
[0;32mI (181) app_init: ELF file SHA256:  ec9daf13a...[0m
[0;32mI (185) app_init: ESP-IDF:          v5.4.3[0m
[0;32mI (189) efuse_init: Min chip rev:     v0.0[0m
[0;32mI (193) efuse_init: Max chip rev:     v0.99 [0m
[0;32mI (197) efuse_init: Chip rev:         v0.2[0m
[0;32mI (201) heap_init: Initializing. RAM available for dynamic allocation:[0m
[0;32mI (207) heap_init: At 3FC96750 len 00052FC0 (331 KiB): RAM[0m
[0;32mI (212) heap_init: At 3FCE9710 len 00005724 (21 KiB): RAM[0m
[0;32mI (217) heap_init: At 3FCF0000 len 00008000 (32 KiB): DRAM[0m
[0;32mI (222) heap_init: At 600FE000 len 00001FE8 (7 KiB): RTCRAM[0m
[0;32mI (229) spi_flash: detected chip: generic[0m
[0;32mI (231) spi_flash: flash io: dio[0m
[0;33mW (234) spi_flash: Detected size(8192k) larger than the size in the binary image header(2048k). Using the size in the binary image header.[0m
[0;32mI (246) sleep_gpio: Configure to isolate all GPIO pins in sleep state[0m
[0;32mI (253) sleep_gpio: Enable automatic switching of GPIO sleep configuration[0m
[0;32mI (260) main_task: Started on CPU0[0m
[0;32mI (270) main_task: Calling app_main()[0m
[0;32mI (270) code_display: ===========================================[0m
[0;32mI (270) code_display:   ESP32-S3-LCD-EV-Board Code Display Demo[0m
[0;32mI (280) code_display:   Screen: 480x480 RGB LCD (3.95 inch)[0m
[0;32mI (280) code_display: ===========================================[0m
[0;32mI (290) code_display: 初始化 ESP32-S3-LCD-EV-Board RGB LCD...[0m
[0;32mI (290) gpio: GPIO[45]| InputEn: 0| OutputEn: 1| OpenDrain: 0| Pullup: 0| Pulldown: 0| Intr:0 [0m
[0;32mI (300) code_display: 创建 RGB 面板...[0m
[1;31mE (310) lcd_panel.rgb: lcd_rgb_panel_alloc_frame_buffers(163): no mem for frame buffer[0m
[1;31mE (310) lcd_panel.rgb: esp_lcd_new_rgb_panel(346): alloc frame buffers failed[0m
ESP_ERROR_CHECK failed: esp_err_t 0x101 (ESP_ERR_NO_MEM) at 0x4200a40b
file: "./main/blink_example_main.c" line 186
func: lcd_init
expression: esp_lcd_new_rgb_panel(&rgb_config, &s_panel_handle)

abort() was called at PC 0x4037a727 on core 0


Backtrace: 0x40375b01:0x3fc98e40 0x4037a731:0x3fc98e60 0x40381015:0x3fc98e80 0x4037a727:0x3fc98ef0 0x4200a40b:0x3fc98f20 0x4200ab82:0x3fc99010 0x42017ccf:0x3fc99030 0x4037af1d:0x3fc99060




ELF file SHA256: ec9daf13a

Rebooting...
ESP-ROM:esp32s3-20210327
Build:Mar 27 2021
rst:0xc (RTC_SW_CPU_RST),boot:0x2a (SPI_FAST_FLASH_BOOT)
Saved PC:0x40375a40
SPIWP:0xee
mode:DIO, clock div:1
load:0x3fce2810,len:0x1564
load:0x403c8700,len:0x4
load:0x403c8704,len:0xd24
load:0x403cb700,len:0x2ed4
entry 0x403c8928
[0;32mI (26) boot: ESP-IDF v5.4.3 2nd stage bootloader[0m
[0;32mI (26) boot: compile time Apr  8 2026 10:58:48[0m
[0;32mI (26) boot: Multicore bootloader[0m
[0;32mI (27) boot: chip revision: v0.2[0m
[0;32mI (29) boot: efuse block revision: v1.3[0m
[0;32mI (33) boot.esp32s3: Boot SPI Speed : 80MHz[0m
[0;32mI (37) boot.esp32s3: SPI Mode       : DIO[0m
[0;32mI (40) boot.esp32s3: SPI Flash Size : 2MB[0m
[0;32mI (44) boot: Enabling RNG early entropy source...[0m
[0;32mI (49) boot: Partition Table:[0m
[0;32mI (51) boot: ## Label            Usage          Type ST Offset   Length[0m
[0;32mI (58) boot:  0 nvs              WiFi data        01 02 00009000 00006000[0m
[0;32mI (64) boot:  1 phy_init         RF data          01 01 0000f000 00001000[0m
[0;32mI (71) boot:  2 factory          factory app      00 00 00010000 00100000[0m
[0;32mI (77) boot: End of partition table[0m
[0;32mI (80) esp_image: segment 0: paddr=00010020 vaddr=3c020020 size=0bce4h ( 48356) map[0m
[0;32mI (96) esp_image: segment 1: paddr=0001bd0c vaddr=3fc93100 size=02d64h ( 11620) load[0m
[0;32mI (99) esp_image: segment 2: paddr=0001ea78 vaddr=40374000 size=015a0h (  5536) load[0m
[0;32mI (104) esp_image: segment 3: paddr=00020020 vaddr=42000020 size=18974h (100724) map[0m
[0;32mI (128) esp_image: segment 4: paddr=0003899c vaddr=403755a0 size=0daf8h ( 56056) load[0m
[0;32mI (141) esp_image: segment 5: paddr=0004649c vaddr=50000000 size=0001ch (    28) load[0m
[0;32mI (147) boot: Loaded app from partition at offset 0x10000[0m
[0;32mI (147) boot: Disabling RNG early entropy source...[0m
[0;32mI (158) cpu_start: Multicore app[0m
[0;32mI (167) cpu_start: Pro cpu start user code[0m
[0;32mI (167) cpu_start: cpu freq: 160000000 Hz[0m
[0;32mI (168) app_init: Application information:[0m
[0;32mI (168) app_init: Project name:     blink[0m
[0;32mI (171) app_init: App version:      9f79e94-dirty[0m
[0;32mI (176) app_init: Compile time:     Apr  8 2026 10:58:42[0m
[0;32mI (181) app_init: ELF file SHA256:  ec9daf13a...[0m
[0;32mI (185) app_init: ESP-IDF:          v5.4.3[0m
[0;32mI (189) efuse_init: Min chip rev:     v0.0[0m
[0;32mI (193) efuse_init: Max chip rev:     v0.99 [0m
[0;32mI (197) efuse_init: Chip rev:         v0.2[0m
[0;32mI (201) heap_init: Initializing. RAM available for dynamic allocation:[0m
[0;32mI (207) heap_init: At 3FC96750 len 00052FC0 (331 KiB): RAM[0m
[0;32mI (212) heap_init: At 3FCE9710 len 00005724 (21 KiB): RAM[0m
[0;32mI (217) heap_init: At 3FCF0000 len 00008000 (32 KiB): DRAM[0m
[0;32mI (222) heap_init: At 600FE000 len 00001FE8 (7 KiB): RTCRAM[0m
[0;32mI (229) spi_flash: detected chip: generic[0m
[0;32mI (231) spi_flash: flash io: dio[0m
[0;33mW (234) spi_flash: Detected size(8192k) larger than the size in the binary image header(2048k). Using the size in the binary image header.[0m
[0;32mI (246) sleep_gpio: Configure to isolate all GPIO pins in sleep state[0m
[0;32mI (253) sleep_gpio: Enable automatic switching of GPIO sleep configuration[0m
[0;32mI (260) main_task: Started on CPU0[0m
[0;32mI (270) main_task: Calling app_main()[0m
[0;32mI (270) code_display: ===========================================[0m
[0;32mI (270) code_display:   ESP32-S3-LCD-EV-Board Code Display Demo[0m
[0;32mI (280) code_display:   Screen: 480x480 RGB LCD (3.95 inch)[0m
[0;32mI (280) code_display: ===========================================[0m
[0;32mI (290) code_display: 初始化 ESP32-S3-LCD-EV-Board RGB LCD...[0m
[0;32mI (290) gpio: GPIO[45]| InputEn: 0| OutputEn: 1| OpenDrain: 0| Pullup: 0| Pulldown: 0| Intr:0 [0m
[0;32mI (300) code_display: 创建 RGB 面板...[0m
[1;31mE (310) lcd_panel.rgb: lcd_rgb_panel_alloc_frame_buffers(163): no mem for frame buffer[0m
[1;31mE (310) lcd_panel.rgb: esp_lcd_new_rgb_panel(346): alloc frame buffers failed[0m
ESP_ERROR_CHECK failed: esp_err_t 0x101 (ESP_ERR_NO_MEM) at 0x4200a40b
file: "./main/blink_example_main.c" line 186
func: lcd_init
expression: esp_lcd_new_rgb_panel(&rgb_config, &s_panel_handle)

abort() was called at PC 0x4037a727 on core 0


Backtrace: 0x40375b01:0x3fc98e40 0x4037a731:0x3fc98e60 0x40381015:0x3fc98e80 0x4037a727:0x3fc98ef0 0x4200a40b:0x3fc98f20 0x4200ab82:0x3fc99010 0x42017ccf:0x3fc99030 0x4037af1d:0x3fc99060




ELF file SHA256: ec9daf13a

Rebooting...
ESP-ROM:esp32s3-20210327
Build:Mar 27 2021
rst:0xc (RTC_SW_CPU_RST),boot:0x2a (SPI_FAST_FLASH_BOOT)
Saved PC:0x40375a40
SPIWP:0xee
mode:DIO, clock div:1
load:0x3fce2810,len:0x1564
load:0x403c8700,len:0x4
load:0x403c8704,len:0xd24
load:0x403cb700,len:0x2ed4
entry 0x403c8928
[0;32mI (26) boot: ESP-IDF v5.4.3 2nd stage bootloader[0m
[0;32mI (26) boot: compile time Apr  8 2026 10:58:48[0m
[0;32mI (26) boot: Multicore bootloader[0m
[0;32mI (27) boot: chip revision: v0.2[0m
[0;32mI (29) boot: efuse block revision: v1.3[0m
[0;32mI (33) boot.esp32s3: Boot SPI Speed : 80MHz[0m
[0;32mI (37) boot.esp32s3: SPI Mode       : DIO[0m
[0;32mI (40) boot.esp32s3: SPI Flash Size : 2MB[0m
[0;32mI (44) boot: Enabling RNG early entropy source...[0m
[0;32mI (49) boot: Partition Table:[0m
[0;32mI (51) boot: ## Label            Usage          Type ST Offset   Length[0m
[0;32mI (58) boot:  0 nvs              WiFi data        01 02 00009000 00006000[0m
[0;32mI (64) boot:  1 phy_init         RF data          01 01 0000f000 00001000[0m
[0;32mI (71) boot:  2 factory          factory app      00 00 00010000 00100000[0m
[0;32mI (77) boot: End of partition table[0m
[0;32mI (80) esp_image: segment 0: paddr=00010020 vaddr=3c020020 size=0bce4h ( 48356) map[0m
[0;32mI (96) esp_image: segment 1: paddr=0001bd0c vaddr=3fc93100 size=02d64h ( 11620) load[0m
[0;32mI (99) esp_image: segment 2: paddr=0001ea78 vaddr=40374000 size=015a0h (  5536) load[0m
[0;32mI (104) esp_image: segment 3: paddr=00020020 vaddr=42000020 size=18974h (100724) map[0m
[0;32mI (128) esp_image: segment 4: paddr=0003899c vaddr=403755a0 size=0daf8h ( 56056) load[0m
[0;32mI (141) esp_image: segment 5: paddr=0004649c vaddr=50000000 size=0001ch (    28) load[0m
[0;32mI (147) boot: Loaded app from partition at offset 0x10000[0m
[0;32mI (147) boot: Disabling RNG early entropy source...[0m
[0;32mI (158) cpu_start: Multicore app[0m
[0;32mI (167) cpu_start: Pro cpu start user code[0m
[0;32mI (167) cpu_start: cpu freq: 160000000 Hz[0m
[0;32mI (168) app_init: Application information:[0m
[0;32mI (168) app_init: Project name:     blink[0m
[0;32mI (171) app_init: App version:      9f79e94-dirty[0m
[0;32mI (176) app_init: Compile time:     Apr  8 2026 10:58:42[0m
[0;32mI (181) app_init: ELF file SHA256:  ec9daf13a...[0m
[0;32mI (185) app_init: ESP-IDF:          v5.4.3[0m
[0;32mI (189) efuse_init: Min chip rev:     v0.0[0m
[0;32mI (193) efuse_init: Max chip rev:     v0.99 [0m
[0;32mI (197) efuse_init: Chip rev:         v0.2[0m
[0;32mI (201) heap_init: Initializing. RAM available for dynamic allocation:[0m
[0;32mI (207) heap_init: At 3FC96750 len 00052FC0 (331 KiB): RAM[0m
[0;32mI (212) heap_init: At 3FCE9710 len 00005724 (21 KiB): RAM[0m
[0;32mI (217) heap_init: At 3FCF0000 len 00008000 (32 KiB): DRAM[0m
[0;32mI (222) heap_init: At 600FE000 len 00001FE8 (7 KiB): RTCRAM[0m
[0;32mI (229) spi_flash: detected chip: generic[0m
[0;32mI (231) spi_flash: flash io: dio[0m
[0;33mW (234) spi_flash: Detected size(8192k) larger than the size in the binary image header(2048k). Using the size in the binary image header.[0m
[0;32mI (246) sleep_gpio: Configure to isolate all GPIO pins in sleep state[0m
[0;32mI (253) sleep_gpio: Enable automatic switching of GPIO sleep configuration[0m
[0;32mI (260) main_task: Started on CPU0[0m
[0;32mI (270) main_task: Calling app_main()[0m
[0;32mI (270) code_display: ===========================================[0m
[0;32mI (270) code_display:   ESP32-S3-LCD-EV-Board Code Display Demo[0m
[0;32mI (280) code_display:   Screen: 480x480 RGB LCD (3.95 inch)[0m
[0;32mI (280) code_display: ===========================================[0m
[0;32mI (290) code_display: 初始化 ESP32-S3-LCD-EV-Board RGB LCD...[0m
[0;32mI (290) gpio: GPIO[45]| InputEn: 0| OutputEn: 1| OpenDrain: 0| Pullup: 0| Pulldown: 0| Intr:0 [0m
[0;32mI (300) code_display: 创建 RGB 面板...[0m
[1;31mE (310) lcd_panel.rgb: lcd_rgb_panel_alloc_frame_buffers(163): no mem for frame buffer[0m
[1;31mE (310) lcd_panel.rgb: esp_lcd_new_rgb_panel(346): alloc frame buffers failed[0m
ESP_ERROR_CHECK failed: esp_err_t 0x101 (ESP_ERR_NO_MEM) at 0x4200a40b
file: "./main/blink_example_main.c" line 186
func: lcd_init
expression: esp_lcd_new_rgb_panel(&rgb_config, &s_panel_handle)

abort() was called at PC 0x4037a727 on core 0


Backtrace: 0x40375b01:0x3fc98e40 0x4037a731:0x3fc98e60 0x40381015:0x3fc98e80 0x4037a727:0x3fc98ef0 0x4200a40b:0x3fc98f20 0x4200ab82:0x3fc99010 0x42017ccf:0x3fc99030 0x4037af1d:0x3fc99060




ELF file SHA256: ec9daf13a

Rebooting...
ESP-ROM:esp32s3-20210327
Build:Mar 27 2021
rst:0xc (RTC_SW_CPU_RST),boot:0x2a (SPI_FAST_FLASH_BOOT)
Saved PC:0x40375a40
SPIWP:0xee
mode:DIO, clock div:1
load:0x3fce2810,len:0x1564
load:0x403c8700,len:0x4
load:0x403c8704,len:0xd24
load:0x403cb700,len:0x2ed4
entry 0x403c8928
[0;32mI (26) boot: ESP-IDF v5.4.3 2nd stage bootloader[0m
[0;32mI (26) boot: compile time Apr  8 2026 10:58:48[0m
[0;32mI (26) boot: Multicore bootloader[0m
[0;32mI (27) boot: chip revision: v0.2[0m
[0;32mI (29) boot: efuse block revision: v1.3[0m
[0;32mI (33) boot.esp32s3: Boot SPI Speed : 80MHz[0m
[0;32mI (37) boot.esp32s3: SPI Mode       : DIO[0m
[0;32mI (40) boot.esp32s3: SPI Flash Size : 2MB[0m
[0;32mI (44) boot: Enabling RNG early entropy source...[0m
[0;32mI (49) boot: Partition Table:[0m
[0;32mI (51) boot: ## Label            Usage          Type ST Offset   Length[0m
[0;32mI (58) boot:  0 nvs              WiFi data        01 02 00009000 00006000[0m
[0;32mI (64) boot:  1 phy_init         RF data          01 01 0000f000 00001000[0m
[0;32mI (71) boot:  2 factory          factory app      00 00 00010000 00100000[0m
[0;32mI (77) boot: End of partition table[0m
[0;32mI (80) esp_image: segment 0: paddr=00010020 vaddr=3c020020 size=0bce4h ( 48356) map[0m
[0;32mI (96) esp_image: segment 1: paddr=0001bd0c vaddr=3fc93100 size=02d64h ( 11620) load[0m
[0;32mI (99) esp_image: segment 2: paddr=0001ea78 vaddr=40374000 size=015a0h (  5536) load[0m
[0;32mI (104) esp_image: segment 3: paddr=00020020 vaddr=42000020 size=18974h (100724) map[0m
[0;32mI (128) esp_image: segment 4: paddr=0003899c vaddr=403755a0 size=0daf8h ( 56056) load[0m
[0;32mI (141) esp_image: segment 5: paddr=0004649c vaddr=50000000 size=0001ch (    28) load[0m
[0;32mI (147) boot: Loaded app from partition at offset 0x10000[0m
[0;32mI (147) boot: Disabling RNG early entropy source...[0m
[0;32mI (158) cpu_start: Multicore app[0m
[0;32mI (167) cpu_start: Pro cpu start user code[0m
[0;32mI (167) cpu_start: cpu freq: 160000000 Hz[0m
[0;32mI (168) app_init: Application information:[0m
[0;32mI (168) app_init: Project name:     blink[0m
[0;32mI (171) app_init: App version:      9f79e94-dirty[0m
[0;32mI (176) app_init: Compile time:     Apr  8 2026 10:58:42[0m
[0;32mI (181) app_init: ELF file SHA256:  ec9daf13a...[0m
[0;32mI (185) app_init: ESP-IDF:          v5.4.3[0m
[0;32mI (189) efuse_init: Min chip rev:     v0.0[0m
[0;32mI (193) efuse_init: Max chip rev:     v0.99 [0m
[0;32mI (197) efuse_init: Chip rev:         v0.2[0m
[0;32mI (201) heap_init: Initializing. RAM available for dynamic allocation:[0m
[0;32mI (207) heap_init: At 3FC96750 len 00052FC0 (331 KiB): RAM[0m
[0;32mI (212) heap_init: At 3FCE9710 len 00005724 (21 KiB): RAM[0m
[0;32mI (217) heap_init: At 3FCF0000 len 00008000 (32 KiB): DRAM[0m
[0;32mI (222) heap_init: At 600FE000 len 00001FE8 (7 KiB): RTCRAM[0m
[0;32mI (229) spi_flash: detected chip: generic[0m
[0;32mI (231) spi_flash: flash io: dio[0m
[0;33mW (234) spi_flash: Detected size(8192k) larger than the size in the binary image header(2048k). Using the size in the binary image header.[0m
[0;32mI (246) sleep_gpio: Configure to isolate all GPIO pins in sleep state[0m
[0;32mI (253) sleep_gpio: Enable automatic switching of GPIO sleep configuration[0m
[0;32mI (260) main_task: Started on CPU0[0m
[0;32mI (270) main_task: Calling app_main()[0m
[0;32mI (270) code_display: ===========================================[0m
[0;32mI (270) code_display:   ESP32-S3-LCD-EV-Board Code Display Demo[0m
[0;32mI (280) code_display:   Screen: 480x480 RGB LCD (3.95 inch)[0m
[0;32mI (280) code_display: ===========================================[0m
[0;32mI (290) code_display: 初始化 ESP32-S3-LCD-EV-Board RGB LCD...[0m
[0;32mI (290) gpio: GPIO[45]| InputEn: 0| OutputEn: 1| OpenDrain: 0| Pullup: 0| Pulldown: 0| Intr:0 [0m
[0;32mI (300) code_display: 创建 RGB 面板...[0m
[1;31mE (310) lcd_panel.rgb: lcd_rgb_panel_alloc_frame_buffers(163): no mem for frame buffer[0m
[1;31mE (310) lcd_panel.rgb: esp_lcd_new_rgb_panel(346): alloc frame buffers failed[0m
ESP_ERROR_CHECK failed: esp_err_t 0x101 (ESP_ERR_NO_MEM) at 0x4200a40b
file: "./main/blink_example_main.c" line 186
func: lcd_init
expression: esp_lcd_new_rgb_panel(&rgb_config, &s_panel_handle)

abort() was called at PC 0x4037a727 on core 0


Backtrace: 0x40375b01:0x3fc98e40 0x4037a731:0x3fc98e60 0x40381015:0x3fc98e80 0x4037a727:0x3fc98ef0 0x4200a40b:0x3fc98f20 0x4200ab82:0x3fc99010 0x42017ccf:0x3fc99030 0x4037af1d:0x3fc99060




ELF file SHA256: ec9daf13a

Rebooting...
ESP-ROM:esp32s3-20210327
Build:Mar 27 2021
rst:0xc (RTC_SW_CPU_RST),boot:0x2a (SPI_FAST_FLASH_BOOT)
Saved PC:0x40375a40
SPIWP:0xee
mode:DIO, clock div:1
load:0x3fce2810,len:0x1564
load:0x403c8700,len:0x4
load:0x403c8704,len:0xd24
load:0x403cb700,len:0x2ed4
entry 0x403c8928
[0;32mI (26) boot: ESP-IDF v5.4.3 2nd stage bootloader[0m
[0;32mI (26) boot: compile time Apr  8 2026 10:58:48[0m
[0;32mI (26) boot: Multicore bootloader[0m
[0;32mI (27) boot: chip revision: v0.2[0m
[0;32mI (29) boot: efuse block revision: v1.3[0m
[0;32mI (33) boot.esp32s3: Boot SPI Speed : 80MHz[0m
[0;32mI (37) boot.esp32s3: SPI Mode       : DIO[0m
[0;32mI (40) boot.esp32s3: SPI Flash Size : 2MB[0m
[0;32mI (44) boot: Enabling RNG early entropy source...[0m
[0;32mI (49) boot: Partition Table:[0m
[0;32mI (51) boot: ## Label            Usage          Type ST Offset   Length[0m
[0;32mI (58) boot:  0 nvs              WiFi data        01 02 00009000 00006000[0m
[0;32mI (64) boot:  1 phy_init         RF data          01 01 0000f000 00001000[0m
[0;32mI (71) boot:  2 factory          factory app      00 00 00010000 00100000[0m
[0;32mI (77) boot: End of partition table[0m
[0;32mI (80) esp_image: segment 0: paddr=00010020 vaddr=3c020020 size=0bce4h ( 48356) map[0m
[0;32mI (96) esp_image: segment 1: paddr=0001bd0c vaddr=3fc93100 size=02d64h ( 11620) load[0m
[0;32mI (99) esp_image: segment 2: paddr=0001ea78 vaddr=40374000 size=015a0h (  5536) load[0m
[0;32mI (104) esp_image: segment 3: paddr=00020020 vaddr=42000020 size=18974h (100724) map[0m
[0;32mI (128) esp_image: segment 4: paddr=0003899c vaddr=403755a0 size=0daf8h ( 56056) load[0m
[0;32mI (141) esp_image: segment 5: paddr=0004649c vaddr=50000000 size=0001ch (    28) load[0m
[0;32mI (147) boot: Loaded app from partition at offset 0x10000[0m
[0;32mI (147) boot: Disabling RNG early entropy source...[0m
[0;32mI (158) cpu_start: Multicore app[0m
[0;32mI (167) cpu_start: Pro cpu start user code[0m
[0;32mI (167) cpu_start: cpu freq: 160000000 Hz[0m
[0;32mI (168) app_init: Application information:[0m
[0;32mI (168) app_init: Project name:     blink[0m
[0;32mI (171) app_init: App version:      9f79e94-dirty[0m
[0;32mI (176) app_init: Compile time:     Apr  8 2026 10:58:42[0m
[0;32mI (181) app_init: ELF file SHA256:  ec9daf13a...[0m
[0;32mI (185) app_init: ESP-IDF:          v5.4.3[0m
[0;32mI (189) efuse_init: Min chip rev:     v0.0[0m
[0;32mI (193) efuse_init: Max chip rev:     v0.99 [0m
[0;32mI (197) efuse_init: Chip rev:         v0.2[0m
[0;32mI (201) heap_init: Initializing. RAM available for dynamic allocation:[0m
[0;32mI (207) heap_init: At 3FC96750 len 00052FC0 (331 KiB): RAM[0m
[0;32mI (212) heap_init: At 3FCE9710 len 00005724 (21 KiB): RAM[0m
[0;32mI (217) heap_init: At 3FCF0000 len 00008000 (32 KiB): DRAM[0m
[0;32mI (222) heap_init: At 600FE000 len 00001FE8 (7 KiB): RTCRAM[0m
[0;32mI (229) spi_flash: detected chip: generic[0m
[0;32mI (231) spi_flash: flash io: dio[0m
[0;33mW (234) spi_flash: Detected size(8192k) larger than the size in the binary image header(2048k). Using the size in the binary image header.[0m
[0;32mI (246) sleep_gpio: Configure to isolate all GPIO pins in sleep state[0m
[0;32mI (253) sleep_gpio: Enable automatic switching of GPIO sleep configuration[0m
[0;32mI (260) main_task: Started on CPU0[0m
[0;32mI (270) main_task: Calling app_main()[0m
[0;32mI (270) code_display: ===========================================[0m
[0;32mI (270) code_display:   ESP32-S3-LCD-EV-Board Code Display Demo[0m
[0;32mI (280) code_display:   Screen: 480x480 RGB LCD (3.95 inch)[0m
[0;32mI (280) code_display: ===========================================[0m
[0;32mI (290) code_display: 初始化 ESP32-S3-LCD-EV-Board RGB LCD...[0m
[0;32mI (290) gpio: GPIO[45]| InputEn: 0| OutputEn: 1| OpenDrain: 0| Pullup: 0| Pulldown: 0| Intr:0 [0m
[0;32mI (300) code_display: 创建 RGB 面板...[0m
[1;31mE (310) lcd_panel.rgb: lcd_rgb_panel_alloc_frame_buffers(163): no mem for frame buffer[0m
[1;31mE (310) lcd_panel.rgb: esp_lcd_new_rgb_panel(346): alloc frame buffers failed[0m
ESP_ERROR_CHECK failed: esp_err_t 0x101 (ESP_ERR_NO_MEM) at 0x4200a40b
file: "./main/blink_example_main.c" line 186
func: lcd_init
expression: esp_lcd_new_rgb_panel(&rgb_config, &s_panel_handle)

abort() was called at PC 0x4037a727 on core 0


Backtrace: 0x40375b01:0x3fc98e40 0x4037a731:0x3fc98e60 0x40381015:0x3fc98e80 0x4037a727:0x3fc98ef0 0x4200a40b:0x3fc98f20 0x4200ab82:0x3fc99010 0x42017ccf:0x3fc99030 0x4037af1d:0x3fc99060




ELF file SHA256: ec9daf13a

Rebooting...
ESP-ROM:esp32s3-20210327
Build:Mar 27 2021
rst:0xc (RTC_SW_CPU_RST),boot:0x2a (SPI_FAST_FLASH_BOOT)
Saved PC:0x40375a40
SPIWP:0xee
mode:DIO, clock div:1
load:0x3fce2810,len:0x1564
load:0x403c8700,len:0x4
load:0x403c8704,len:0xd24
load:0x403cb700,len:0x2ed4
entry 0x403c8928
[0;32mI (26) boot: ESP-IDF v5.4.3 2nd stage bootloader[0m
[0;32mI (26) boot: compile time Apr  8 2026 10:58:48[0m
[0;32mI (26) boot: Multicore bootloader[0m
[0;32mI (27) boot: chip revision: v0.2[0m
[0;32mI (29) boot: efuse block revision: v1.3[0m
[0;32mI (33) boot.esp32s3: Boot SPI Speed : 80MHz[0m
[0;32mI (37) boot.esp32s3: SPI Mode       : DIO[0m
[0;32mI (40) boot.esp32s3: SPI Flash Size : 2MB[0m
[0;32mI (44) boot: Enabling RNG early entropy source...[0m
[0;32mI (49) boot: Partition Table:[0m
[0;32mI (51) boot: ## Label            Usage          Type ST Offset   Length[0m
[0;32mI (58) boot:  0 nvs              WiFi data        01 02 00009000 00006000[0m
[0;32mI (64) boot:  1 phy_init         RF data          01 01 0000f000 00001000[0m
[0;32mI (71) boot:  2 factory          factory app      00 00 00010000 00100000[0m
[0;32mI (77) boot: End of partition table[0m
[0;32mI (80) esp_image: segment 0: paddr=00010020 vaddr=3c020020 size=0bce4h ( 48356) map[0m
[0;32mI (96) esp_image: segment 1: paddr=0001bd0c vaddr=3fc93100 size=02d64h ( 11620) load[0m
[0;32mI (99) esp_image: segment 2: paddr=0001ea78 vaddr=40374000 size=015a0h (  5536) load[0m
[0;32mI (104) esp_image: segment 3: paddr=00020020 vaddr=42000020 size=18974h (100724) map[0m
[0;32mI (128) esp_image: segment 4: paddr=0003899c vaddr=403755a0 size=0daf8h ( 56056) load[0m
[0;32mI (141) esp_image: segment 5: paddr=0004649c vaddr=50000000 size=0001ch (    28) load[0m
[0;32mI (147) boot: Loaded app from partition at offset 0x10000[0m
[0;32mI (147) boot: Disabling RNG early entropy source...[0m
[0;32mI (158) cpu_start: Multicore app[0m
[0;32mI (167) cpu_start: Pro cpu start user code[0m
[0;32mI (167) cpu_start: cpu freq: 160000000 Hz[0m
[0;32mI (168) app_init: Application information:[0m
[0;32mI (168) app_init: Project name:     blink[0m
[0;32mI (171) app_init: App version:      9f79e94-dirty[0m
[0;32mI (176) app_init: Compile time:     Apr  8 2026 10:58:42[0m
[0;32mI (181) app_init: ELF file SHA256:  ec9daf13a...[0m
[0;32mI (185) app_init: ESP-IDF:          v5.4.3[0m
[0;32mI (189) efuse_init: Min chip rev:     v0.0[0m
[0;32mI (193) efuse_init: Max chip rev:     v0.99 [0m
[0;32mI (197) efuse_init: Chip rev:         v0.2[0m
[0;32mI (201) heap_init: Initializing. RAM available for dynamic allocation:[0m
[0;32mI (207) heap_init: At 3FC96750 len 00052FC0 (331 KiB): RAM[0m
[0;32mI (212) heap_init: At 3FCE9710 len 00005724 (21 KiB): RAM[0m
[0;32mI (217) heap_init: At 3FCF0000 len 00008000 (32 KiB): DRAM[0m
[0;32mI (222) heap_init: At 600FE000 len 00001FE8 (7 KiB): RTCRAM[0m
[0;32mI (229) spi_flash: detected chip: generic[0m
[0;32mI (231) spi_flash: flash io: dio[0m
[0;33mW (234) spi_flash: Detected size(8192k) larger than the size in the binary image header(2048k). Using the size in the binary image header.[0m
[0;32mI (246) sleep_gpio: Configure to isolate all GPIO pins in sleep state[0m
[0;32mI (253) sleep_gpio: Enable automatic switching of GPIO sleep configuration[0m
[0;32mI (260) main_task: Started on CPU0[0m
[0;32mI (270) main_task: Calling app_main()[0m
[0;32mI (270) code_display: ===========================================[0m
[0;32mI (270) code_display:   ESP32-S3-LCD-EV-Board Code Display Demo[0m
[0;32mI (280) code_display:   Screen: 480x480 RGB LCD (3.95 inch)[0m
[0;32mI (280) code_display: ===========================================[0m
[0;32mI (290) code_display: 初始化 ESP32-S3-LCD-EV-Board RGB LCD...[0m
[0;32mI (290) gpio: GPIO[45]| InputEn: 0| OutputEn: 1| OpenDrain: 0| Pullup: 0| Pulldown: 0| Intr:0 [0m
[0;32mI (300) code_display: 创建 RGB 面板...[0m
[1;31mE (310) lcd_panel.rgb: lcd_rgb_panel_alloc_frame_buffers(163): no mem for frame buffer[0m
[1;31mE (310) lcd_panel.rgb: esp_lcd_new_rgb_panel(346): alloc frame buffers failed[0m
ESP_ERROR_CHECK failed: esp_err_t 0x101 (ESP_ERR_NO_MEM) at 0x4200a40b
file: "./main/blink_example_main.c" line 186
func: lcd_init
expression: esp_lcd_new_rgb_panel(&rgb_config, &s_panel_handle)

abort() was called at PC 0x4037a727 on core 0


Backtrace: 0x40375b01:0x3fc98e40 0x4037a731:0x3fc98e60 0x40381015:0x3fc98e80 0x4037a727:0x3fc98ef0 0x4200a40b:0x3fc98f20 0x4200ab82:0x3fc99010 0x42017ccf:0x3fc99030 0x4037af1d:0x3fc99060




ELF file SHA256: ec9daf13a

Rebooting...
ESP-ROM:esp32s3-20210327
Build:Mar 27 2021
rst:0xc (RTC_SW_CPU_RST),boot:0x2a (SPI_FAST_FLASH_BOOT)
Saved PC:0x40375a40
SPIWP:0xee
mode:DIO, clock div:1
load:0x3fce2810,len:0x1564
load:0x403c8700,len:0x4
load:0x403c8704,len:0xd24
load:0x403cb700,len:0x2ed4
entry 0x403c8928
[0;32mI (26) boot: ESP-IDF v5.4.3 2nd stage bootloader[0m
[0;32mI (26) boot: compile time Apr  8 2026 10:58:48[0m
[0;32mI (26) boot: Multicore bootloader[0m
[0;32mI (27) boot: chip revision: v0.2[0m
[0;32mI (29) boot: efuse block revision: v1.3[0m
[0;32mI (33) boot.esp32s3: Boot SPI Speed : 80MHz[0m
[0;32mI (37) boot.esp32s3: SPI Mode       : DIO[0m
[0;32mI (40) boot.esp32s3: SPI Flash Size : 2MB[0m
[0;32mI (44) boot: Enabling RNG early entropy source...[0m
[0;32mI (49) boot: Partition Table:[0m
[0;32mI (51) boot: ## Label            Usage          Type ST Offset   Length[0m
[0;32mI (58) boot:  0 nvs              WiFi data        01 02 00009000 00006000[0m
[0;32mI (64) boot:  1 phy_init         RF data          01 01 0000f000 00001000[0m
[0;32mI (71) boot:  2 factory          factory app      00 00 00010000 00100000[0m
[0;32mI (77) boot: End of partition table[0m
[0;32mI (80) esp_image: segment 0: paddr=00010020 vaddr=3c020020 size=0bce4h ( 48356) map[0m
[0;32mI (96) esp_image: segment 1: paddr=0001bd0c vaddr=3fc93100 size=02d64h ( 11620) load[0m
[0;32mI (99) esp_image: segment 2: paddr=0001ea78 vaddr=40374000 size=015a0h (  5536) load[0m
[0;32mI (104) esp_image: segment 3: paddr=00020020 vaddr=42000020 size=18974h (100724) map[0m
[0;32mI (128) esp_image: segment 4: paddr=0003899c vaddr=403755a0 size=0daf8h ( 56056) load[0m
[0;32mI (141) esp_image: segment 5: paddr=0004649c vaddr=50000000 size=0001ch (    28) load[0m
[0;32mI (147) boot: Loaded app from partition at offset 0x10000[0m
[0;32mI (147) boot: Disabling RNG early entropy source...[0m
[0;32mI (158) cpu_start: Multicore app[0m
[0;32mI (167) cpu_start: Pro cpu start user code[0m
[0;32mI (167) cpu_start: cpu freq: 160000000 Hz[0m
[0;32mI (168) app_init: Application information:[0m
[0;32mI (168) app_init: Project name:     blink[0m
[0;32mI (171) app_init: App version:      9f79e94-dirty[0m
[0;32mI (176) app_init: Compile time:     Apr  8 2026 10:58:42[0m
[0;32mI (181) app_init: ELF file SHA256:  ec9daf13a...[0m
[0;32mI (185) app_init: ESP-IDF:          v5.4.3[0m
[0;32mI (189) efuse_init: Min chip rev:     v0.0[0m
[0;32mI (193) efuse_init: Max chip rev:     v0.99 [0m
[0;32mI (197) efuse_init: Chip rev:         v0.2[0m
[0;32mI (201) heap_init: Initializing. RAM available for dynamic allocation:[0m
[0;32mI (207) heap_init: At 3FC96750 len 00052FC0 (331 KiB): RAM[0m
[0;32mI (212) heap_init: At 3FCE9710 len 00005724 (21 KiB): RAM[0m
[0;32mI (217) heap_init: At 3FCF0000 len 00008000 (32 KiB): DRAM[0m
[0;32mI (222) heap_init: At 600FE000 len 00001FE8 (7 KiB): RTCRAM[0m
[0;32mI (229) spi_flash: detected chip: generic[0m
[0;32mI (231) spi_flash: flash io: dio[0m
[0;33mW (234) spi_flash: Detected size(8192k) larger than the size in the binary image header(2048k). Using the size in the binary image header.[0m
[0;32mI (246) sleep_gpio: Configure to isolate all GPIO pins in sleep state[0m
[0;32mI (253) sleep_gpio: Enable automatic switching of GPIO sleep configuration[0m
[0;32mI (260) main_task: Started on CPU0[0m
[0;32mI (270) main_task: Calling app_main()[0m
[0;32mI (270) code_display: ===========================================[0m
[0;32mI (270) code_display:   ESP32-S3-LCD-EV-Board Code Display Demo[0m
[0;32mI (280) code_display:   Screen: 480x480 RGB LCD (3.95 inch)[0m
[0;32mI (280) code_display: ===========================================[0m
[0;32mI (290) code_display: 初始化 ESP32-S3-LCD-EV-Board RGB LCD...[0m
[0;32mI (290) gpio: GPIO[45]| InputEn: 0| OutputEn: 1| OpenDrain: 0| Pullup: 0| Pulldown: 0| Intr:0 [0m
[0;32mI (300) code_display: 创建 RGB 面板...[0m
[1;31mE (310) lcd_panel.rgb: lcd_rgb_panel_alloc_frame_buffers(163): no mem for frame buffer[0m
[1;31mE (310) lcd_panel.rgb: esp_lcd_new_rgb_panel(346): alloc frame buffers failed[0m
ESP_ERROR_CHECK failed: esp_err_t 0x101 (ESP_ERR_NO_MEM) at 0x4200a40b
file: "./main/blink_example_main.c" line 186
func: lcd_init
expression: esp_lcd_new_rgb_panel(&rgb_config, &s_panel_handle)

abort() was called at PC 0x4037a727 on core 0


Backtrace: 0x40375b01:0x3fc98e40 0x4037a731:0x3fc98e60 0x40381015:0x3fc98e80 0x4037a727:0x3fc98ef0 0x4200a40b:0x3fc98f20 0x4200ab82:0x3fc99010 0x42017ccf:0x3fc99030 0x4037af1d:0x3fc99060




ELF file SHA256: ec9daf13a

Rebooting...
ESP-ROM:esp32s3-20210327
Build:Mar 27 2021
rst:0xc (RTC_SW_CPU_RST),boot:0x2a (SPI_FAST_FLASH_BOOT)
Saved PC:0x40375a40
SPIWP:0xee
mode:DIO, clock div:1
load:0x3fce2810,len:0x1564
load:0x403c8700,len:0x4
load:0x403c8704,len:0xd24
load:0x403cb700,len:0x2ed4
entry 0x403c8928
[0;32mI (26) boot: ESP-IDF v5.4.3 2nd stage bootloader[0m
[0;32mI (26) boot: compile time Apr  8 2026 10:58:48[0m
[0;32mI (26) boot: Multicore bootloader[0m
[0;32mI (27) boot: chip revision: v0.2[0m
[0;32mI (29) boot: efuse block revision: v1.3[0m
[0;32mI (33) boot.esp32s3: Boot SPI Speed : 80MHz[0m
[0;32mI (37) boot.esp32s3: SPI Mode       : DIO[0m
[0;32mI (40) boot.esp32s3: SPI Flash Size : 2MB[0m
[0;32mI (44) boot: Enabling RNG early entropy source...[0m
[0;32mI (49) boot: Partition Table:[0m
[0;32mI (51) boot: ## Label            Usage          Type ST Offset   Length[0m
[0;32mI (58) boot:  0 nvs              WiFi data        01 02 00009000 00006000[0m
[0;32mI (64) boot:  1 phy_init         RF data          01 01 0000f000 00001000[0m
[0;32mI (71) boot:  2 factory          factory app      00 00 00010000 00100000[0m
[0;32mI (77) boot: End of partition table[0m
[0;32mI (80) esp_image: segment 0: paddr=00010020 vaddr=3c020020 size=0bce4h ( 48356) map[0m
[0;32mI (96) esp_image: segment 1: paddr=0001bd0c vaddr=3fc93100 size=02d64h ( 11620) load[0m
[0;32mI (99) esp_image: segment 2: paddr=0001ea78 vaddr=40374000 size=015a0h (  5536) load[0m
[0;32mI (104) esp_image: segment 3: paddr=00020020 vaddr=42000020 size=18974h (100724) map[0m
[0;32mI (128) esp_image: segment 4: paddr=0003899c vaddr=403755a0 size=0daf8h ( 56056) load[0m
[0;32mI (141) esp_image: segment 5: paddr=0004649c vaddr=50000000 size=0001ch (    28) load[0m
[0;32mI (147) boot: Loaded app from partition at offset 0x10000[0m
[0;32mI (147) boot: Disabling RNG early entropy source...[0m
[0;32mI (158) cpu_start: Multicore app[0m
[0;32mI (167) cpu_start: Pro cpu start user code[0m
[0;32mI (167) cpu_start: cpu freq: 160000000 Hz[0m
[0;32mI (168) app_init: Application information:[0m
[0;32mI (168) app_init: Project name:     blink[0m
[0;32mI (171) app_init: App version:      9f79e94-dirty[0m
[0;32mI (176) app_init: Compile time:     Apr  8 2026 10:58:42[0m
[0;32mI (181) app_init: ELF file SHA256:  ec9daf13a...[0m
[0;32mI (185) app_init: ESP-IDF:          v5.4.3[0m
[0;32mI (189) efuse_init: Min chip rev:     v0.0[0m
[0;32mI (193) efuse_init: Max chip rev:     v0.99 [0m
[0;32mI (197) efuse_init: Chip rev:         v0.2[0m
[0;32mI (201) heap_init: Initializing. RAM available for dynamic allocation:[0m
[0;32mI (207) heap_init: At 3FC96750 len 00052FC0 (331 KiB): RAM[0m
[0;32mI (212) heap_init: At 3FCE9710 len 00005724 (21 KiB): RAM[0m
[0;32mI (217) heap_init: At 3FCF0000 len 00008000 (32 KiB): DRAM[0m
[0;32mI (222) heap_init: At 600FE000 len 00001FE8 (7 KiB): RTCRAM[0m
[0;32mI (229) spi_flash: detected chip: generic[0m
[0;32mI (231) spi_flash: flash io: dio[0m
[0;33mW (234) spi_flash: Detected size(8192k) larger than the size in the binary image header(2048k). Using the size in the binary image header.[0m
[0;32mI (246) sleep_gpio: Configure to isolate all GPIO pins in sleep state[0m
[0;32mI (253) sleep_gpio: Enable automatic switching of GPIO sleep configuration[0m
[0;32mI (260) main_task: Started on CPU0[0m
[0;32mI (270) main_task: Calling app_main()[0m
[0;32mI (270) code_display: ===========================================[0m
[0;32mI (270) code_display:   ESP32-S3-LCD-EV-Board Code Display Demo[0m
[0;32mI (280) code_display:   Screen: 480x480 RGB LCD (3.95 inch)[0m
[0;32mI (280) code_display: ===========================================[0m
[0;32mI (290) code_display: 初始化 ESP32-S3-LCD-EV-Board RGB LCD...[0m
[0;32mI (290) gpio: GPIO[45]| InputEn: 0| OutputEn: 1| OpenDrain: 0| Pullup: 0| Pulldown: 0| Intr:0 [0m
[0;32mI (300) code_display: 创建 RGB 面板...[0m
[1;31mE (310) lcd_panel.rgb: lcd_rgb_panel_alloc_frame_buffers(163): no mem for frame buffer[0m
[1;31mE (310) lcd_panel.rgb: esp_lcd_new_rgb_panel(346): alloc frame buffers failed[0m
ESP_ERROR_CHECK failed: esp_err_t 0x101 (ESP_ERR_NO_MEM) at 0x4200a40b
file: "./main/blink_example_main.c" line 186
func: lcd_init
expression: esp_lcd_new_rgb_panel(&rgb_config, &s_panel_handle)

abort() was called at PC 0x4037a727 on core 0


Backtrace: 0x40375b01:0x3fc98e40 0x4037a731:0x3fc98e60 0x40381015:0x3fc98e80 0x4037a727:0x3fc98ef0 0x4200a40b:0x3fc98f20 0x4200ab82:0x3fc99010 0x42017ccf:0x3fc99030 0x4037af1d:0x3fc99060




ELF file SHA256: ec9daf13a

Rebooting...
ESP-ROM:esp32s3-20210327
Build:Mar 27 2021
rst:0xc (RTC_SW_CPU_RST),boot:0x2a (SPI_FAST_FLASH_BOOT)
Saved PC:0x40375a40
SPIWP:0xee
mode:DIO, clock div:1
load:0x3fce2810,len:0x1564
load:0x403c8700,len:0x4
load:0x403c8704,len:0xd24
load:0x403cb700,len:0x2ed4
entry 0x403c8928
[0;32mI (26) boot: ESP-IDF v5.4.3 2nd stage bootloader[0m
[0;32mI (26) boot: compile time Apr  8 2026 10:58:48[0m
[0;32mI (26) boot: Multicore bootloader[0m
[0;32mI (27) boot: chip revision: v0.2[0m
[0;32mI (29) boot: efuse block revision: v1.3[0m
[0;32mI (33) boot.esp32s3: Boot SPI Speed : 80MHz[0m
[0;32mI (37) boot.esp32s3: SPI Mode       : DIO[0m
[0;32mI (40) boot.esp32s3: SPI Flash Size : 2MB[0m
[0;32mI (44) boot: Enabling RNG early entropy source...[0m
[0;32mI (49) boot: Partition Table:[0m
[0;32mI (51) boot: ## Label            Usage          Type ST Offset   Length[0m
[0;32mI (58) boot:  0 nvs              WiFi data        01 02 00009000 00006000[0m
[0;32mI (64) boot:  1 phy_init         RF data          01 01 0000f000 00001000[0m
[0;32mI (71) boot:  2 factory          factory app      00 00 00010000 00100000[0m
[0;32mI (77) boot: End of partition table[0m
[0;32mI (80) esp_image: segment 0: paddr=00010020 vaddr=3c020020 size=0bce4h ( 48356) map[0m
[0;32mI (96) esp_image: segment 1: paddr=0001bd0c vaddr=3fc93100 size=02d64h ( 11620) load[0m
[0;32mI (99) esp_image: segment 2: paddr=0001ea78 vaddr=40374000 size=015a0h (  5536) load[0m
[0;32mI (104) esp_image: segment 3: paddr=00020020 vaddr=42000020 size=18974h (100724) map[0m
[0;32mI (128) esp_image: segment 4: paddr=0003899c vaddr=403755a0 size=0daf8h ( 56056) load[0m
[0;32mI (141) esp_image: segment 5: paddr=0004649c vaddr=50000000 size=0001ch (    28) load[0m
[0;32mI (147) boot: Loaded app from partition at offset 0x10000[0m
[0;32mI (147) boot: Disabling RNG early entropy source...[0m
[0;32mI (158) cpu_start: Multicore app[0m
[0;32mI (167) cpu_start: Pro cpu start user code[0m
[0;32mI (167) cpu_start: cpu freq: 160000000 Hz[0m
[0;32mI (168) app_init: Application information:[0m
[0;32mI (168) app_init: Project name:     blink[0m
[0;32mI (171) app_init: App version:      9f79e94-dirty[0m
[0;32mI (176) app_init: Compile time:     Apr  8 2026 10:58:42[0m
[0;32mI (181) app_init: ELF file SHA256:  ec9daf13a...[0m
[0;32mI (185) app_init: ESP-IDF:          v5.4.3[0m
[0;32mI (189) efuse_init: Min chip rev:     v0.0[0m
[0;32mI (193) efuse_init: Max chip rev:     v0.99 [0m
[0;32mI (197) efuse_init: Chip rev:         v0.2[0m
[0;32mI (201) heap_init: Initializing. RAM available for dynamic allocation:[0m
[0;32mI (207) heap_init: At 3FC96750 len 00052FC0 (331 KiB): RAM[0m
[0;32mI (212) heap_init: At 3FCE9710 len 00005724 (21 KiB): RAM[0m
[0;32mI (217) heap_init: At 3FCF0000 len 00008000 (32 KiB): DRAM[0m
[0;32mI (222) heap_init: At 600FE000 len 00001FE8 (7 KiB): RTCRAM[0m
[0;32mI (229) spi_flash: detected chip: generic[0m
[0;32mI (231) spi_flash: flash io: dio[0m
[0;33mW (234) spi_flash: Detected size(8192k) larger than the size in the binary image header(2048k). Using the size in the binary image header.[0m
[0;32mI (246) sleep_gpio: Configure to isolate all GPIO pins in sleep state[0m
[0;32mI (253) sleep_gpio: Enable automatic switching of GPIO sleep configuration[0m
[0;32mI (260) main_task: Started on CPU0[0m
[0;32mI (270) main_task: Calling app_main()[0m
[0;32mI (270) code_display: ===========================================[0m
[0;32mI (270) code_display:   ESP32-S3-LCD-EV-Board Code Display Demo[0m
[0;32mI (280) code_display:   Screen: 480x480 RGB LCD (3.95 inch)[0m
[0;32mI (280) code_display: ===========================================[0m
[0;32mI (290) code_display: 初始化 ESP32-S3-LCD-EV-Board RGB LCD...[0m
[0;32mI (290) gpio: GPIO[45]| InputEn: 0| OutputEn: 1| OpenDrain: 0| Pullup: 0| Pulldown: 0| Intr:0 [0m
[0;32mI (300) code_display: 创建 RGB 面板...[0m
[1;31mE (310) lcd_panel.rgb: lcd_rgb_panel_alloc_frame_buffers(163): no mem for frame buffer[0m
[1;31mE (310) lcd_panel.rgb: esp_lcd_new_rgb_panel(346): alloc frame buffers failed[0m
ESP_ERROR_CHECK failed: esp_err_t 0x101 (ESP_ERR_NO_MEM) at 0x4200a40b
file: "./main/blink_example_main.c" line 186
func: lcd_init
expression: esp_lcd_new_rgb_panel(&rgb_config, &s_panel_handle)

abort() was called at PC 0x4037a727 on core 0


Backtrace: 0x40375b01:0x3fc98e40 0x4037a731:0x3fc98e60 0x40381015:0x3fc98e80 0x4037a727:0x3fc98ef0 0x4200a40b:0x3fc98f20 0x4200ab82:0x3fc99010 0x42017ccf:0x3fc99030 0x4037af1d:0x3fc99060




ELF file SHA256: ec9daf13a

Rebooting...
ESP-ROM:esp32s3-20210327
Build:Mar 27 2021
rst:0xc (RTC_SW_CPU_RST),boot:0x2a (SPI_FAST_FLASH_BOOT)
Saved PC:0x40375a40
SPIWP:0xee
mode:DIO, clock div:1
load:0x3fce2810,len:0x1564
load:0x403c8700,len:0x4
load:0x403c8704,len:0xd24
load:0x403cb700,len:0x2ed4
entry 0x403c8928
[0;32mI (26) boot: ESP-IDF v5.4.3 2nd stage bootloader[0m
[0;32mI (26) boot: compile time Apr  8 2026 10:58:48[0m
[0;32mI (26) boot: Multicore bootloader[0m
[0;32mI (27) boot: chip revision: v0.2[0m
[0;32mI (29) boot: efuse block revision: v1.3[0m
[0;32mI (33) boot.esp32s3: Boot SPI Speed : 80MHz[0m
[0;32mI (37) boot.esp32s3: SPI Mode       : DIO[0m
[0;32mI (40) boot.esp32s3: SPI Flash Size : 2MB[0m
[0;32mI (44) boot: Enabling RNG early entropy source...[0m
[0;32mI (49) boot: Partition Table:[0m
[0;32mI (51) boot: ## Label            Usage          Type ST Offset   Length[0m
[0;32mI (58) boot:  0 nvs              WiFi data        01 02 00009000 00006000[0m
[0;32mI (64) boot:  1 phy_init         RF data          01 01 0000f000 00001000[0m
[0;32mI (71) boot:  2 factory          factory app      00 00 00010000 00100000[0m
[0;32mI (77) boot: End of partition table[0m
[0;32mI (80) esp_image: segment 0: paddr=00010020 vaddr=3c020020 size=0bce4h ( 48356) map[0m
[0;32mI (96) esp_image: segment 1: paddr=0001bd0c vaddr=3fc93100 size=02d64h ( 11620) load[0m
[0;32mI (99) esp_image: segment 2: paddr=0001ea78 vaddr=40374000 size=015a0h (  5536) load[0m
[0;32mI (104) esp_image: segment 3: paddr=00020020 vaddr=42000020 size=18974h (100724) map[0m
[0;32mI (128) esp_image: segment 4: paddr=0003899c vaddr=403755a0 size=0daf8h ( 56056) load[0m
[0;32mI (141) esp_image: segment 5: paddr=0004649c vaddr=50000000 size=0001ch (    28) load[0m
[0;32mI (147) boot: Loaded app from partition at offset 0x10000[0m
[0;32mI (147) boot: Disabling RNG early entropy source...[0m
[0;32mI (158) cpu_start: Multicore app[0m
[0;32mI (167) cpu_start: Pro cpu start user code[0m
[0;32mI (167) cpu_start: cpu freq: 160000000 Hz[0m
[0;32mI (168) app_init: Application information:[0m
[0;32mI (168) app_init: Project name:     blink[0m
[0;32mI (171) app_init: App version:      9f79e94-dirty[0m
[0;32mI (176) app_init: Compile time:     Apr  8 2026 10:58:42[0m
[0;32mI (181) app_init: ELF file SHA256:  ec9daf13a...[0m
[0;32mI (185) app_init: ESP-IDF:          v5.4.3[0m
[0;32mI (189) efuse_init: Min chip rev:     v0.0[0m
[0;32mI (193) efuse_init: Max chip rev:     v0.99 [0m
[0;32mI (197) efuse_init: Chip rev:         v0.2[0m
[0;32mI (201) heap_init: Initializing. RAM available for dynamic allocation:[0m
[0;32mI (207) heap_init: At 3FC96750 len 00052FC0 (331 KiB): RAM[0m
[0;32mI (212) heap_init: At 3FCE9710 len 00005724 (21 KiB): RAM[0m
[0;32mI (217) heap_init: At 3FCF0000 len 00008000 (32 KiB): DRAM[0m
[0;32mI (222) heap_init: At 600FE000 len 00001FE8 (7 KiB): RTCRAM[0m
[0;32mI (229) spi_flash: detected chip: generic[0m
[0;32mI (231) spi_flash: flash io: dio[0m
[0;33mW (234) spi_flash: Detected size(8192k) larger than the size in the binary image header(2048k). Using the size in the binary image header.[0m
[0;32mI (246) sleep_gpio: Configure to isolate all GPIO pins in sleep state[0m
[0;32mI (253) sleep_gpio: Enable automatic switching of GPIO sleep configuration[0m
[0;32mI (260) main_task: Started on CPU0[0m
[0;32mI (270) main_task: Calling app_main()[0m
[0;32mI (270) code_display: ===========================================[0m
[0;32mI (270) code_display:   ESP32-S3-LCD-EV-Board Code Display Demo[0m
[0;32mI (280) code_display:   Screen: 480x480 RGB LCD (3.95 inch)[0m
[0;32mI (280) code_display: ===========================================[0m
[0;32mI (290) code_display: 初始化 ESP32-S3-LCD-EV-Board RGB LCD...[0m
[0;32mI (290) gpio: GPIO[45]| InputEn: 0| OutputEn: 1| OpenDrain: 0| Pullup: 0| Pulldown: 0| Intr:0 [0m
[0;32mI (300) code_display: 创建 RGB 面板...[0m
[1;31mE (310) lcd_panel.rgb: lcd_rgb_panel_alloc_frame_buffers(163): no mem for frame buffer[0m
[1;31mE (310) lcd_panel.rgb: esp_lcd_new_rgb_panel(346): alloc frame buffers failed[0m
ESP_ERROR_CHECK failed: esp_err_t 0x101 (ESP_ERR_NO_MEM) at 0x4200a40b
file: "./main/blink_example_main.c" line 186
func: lcd_init
expression: esp_lcd_new_rgb_panel(&rgb_config, &s_panel_handle)

abort() was called at PC 0x4037a727 on core 0


Backtrace: 0x40375b01:0x3fc98e40 0x4037a731:0x3fc98e60 0x40381015:0x3fc98e80 0x4037a727:0x3fc98ef0 0x4200a40b:0x3fc98f20 0x4200ab82:0x3fc99010 0x42017ccf:0x3fc99030 0x4037af1d:0x3fc99060




ELF file SHA256: ec9daf13a

Rebooting...
ESP-ROM:esp32s3-20210327
Build:Mar 27 2021
rst:0xc (RTC_SW_CPU_RST),boot:0x2a (SPI_FAST_FLASH_BOOT)
Saved PC:0x40375a40
SPIWP:0xee
mode:DIO, clock div:1
load:0x3fce2810,len:0x1564
load:0x403c8700,len:0x4
load:0x403c8704,len:0xd24
load:0x403cb700,len:0x2ed4
entry 0x403c8928
[0;32mI (26) boot: ESP-IDF v5.4.3 2nd stage bootloader[0m
[0;32mI (26) boot: compile time Apr  8 2026 10:58:48[0m
[0;32mI (26) boot: Multicore bootloader[0m
[0;32mI (27) boot: chip revision: v0.2[0m
[0;32mI (29) boot: efuse block revision: v1.3[0m
[0;32mI (33) boot.esp32s3: Boot SPI Speed : 80MHz[0m
[0;32mI (37) boot.esp32s3: SPI Mode       : DIO[0m
[0;32mI (40) boot.esp32s3: SPI Flash Size : 2MB[0m
[0;32mI (44) boot: Enabling RNG early entropy source...[0m
[0;32mI (49) boot: Partition Table:[0m
[0;32mI (51) boot: ## Label            Usage          Type ST Offset   Length[0m
[0;32mI (58) boot:  0 nvs              WiFi data        01 02 00009000 00006000[0m
[0;32mI (64) boot:  1 phy_init         RF data          01 01 0000f000 00001000[0m
[0;32mI (71) boot:  2 factory          factory app      00 00 00010000 00100000[0m
[0;32mI (77) boot: End of partition table[0m
[0;32mI (80) esp_image: segment 0: paddr=00010020 vaddr=3c020020 size=0bce4h ( 48356) map[0m
[0;32mI (96) esp_image: segment 1: paddr=0001bd0c vaddr=3fc93100 size=02d64h ( 11620) load[0m
[0;32mI (99) esp_image: segment 2: paddr=0001ea78 vaddr=40374000 size=015a0h (  5536) load[0m
[0;32mI (104) esp_image: segment 3: paddr=00020020 vaddr=42000020 size=18974h (100724) map[0m
[0;32mI (128) esp_image: segment 4: paddr=0003899c vaddr=403755a0 size=0daf8h ( 56056) load[0m
[0;32mI (141) esp_image: segment 5: paddr=0004649c vaddr=50000000 size=0001ch (    28) load[0m
[0;32mI (147) boot: Loaded app from partition at offset 0x10000[0m
[0;32mI (147) boot: Disabling RNG early entropy source...[0m
[0;32mI (158) cpu_start: Multicore app[0m
[0;32mI (167) cpu_start: Pro cpu start user code[0m
[0;32mI (167) cpu_start: cpu freq: 160000000 Hz[0m
[0;32mI (168) app_init: Application information:[0m
[0;32mI (168) app_init: Project name:     blink[0m
[0;32mI (171) app_init: App version:      9f79e94-dirty[0m
[0;32mI (176) app_init: Compile time:     Apr  8 2026 10:58:42[0m
[0;32mI (181) app_init: ELF file SHA256:  ec9daf13a...[0m
[0;32mI (185) app_init: ESP-IDF:          v5.4.3[0m
[0;32mI (189) efuse_init: Min chip rev:     v0.0[0m
[0;32mI (193) efuse_init: Max chip rev:     v0.99 [0m
[0;32mI (197) efuse_init: Chip rev:         v0.2[0m
[0;32mI (201) heap_init: Initializing. RAM available for dynamic allocation:[0m
[0;32mI (207) heap_init: At 3FC96750 len 00052FC0 (331 KiB): RAM[0m
[0;32mI (212) heap_init: At 3FCE9710 len 00005724 (21 KiB): RAM[0m
[0;32mI (217) heap_init: At 3FCF0000 len 00008000 (32 KiB): DRAM[0m
[0;32mI (222) heap_init: At 600FE000 len 00001FE8 (7 KiB): RTCRAM[0m
[0;32mI (229) spi_flash: detected chip: generic[0m
[0;32mI (231) spi_flash: flash io: dio[0m
[0;33mW (234) spi_flash: Detected size(8192k) larger than the size in the binary image header(2048k). Using the size in the binary image header.[0m
[0;32mI (246) sleep_gpio: Configure to isolate all GPIO pins in sleep state[0m
[0;32mI (253) sleep_gpio: Enable automatic switching of GPIO sleep configuration[0m
[0;32mI (260) main_task: Started on CPU0[0m
[0;32mI (270) main_task: Calling app_main()[0m
[0;32mI (270) code_display: ===========================================[0m
[0;32mI (270) code_display:   ESP32-S3-LCD-EV-Board Code Display Demo[0m
[0;32mI (280) code_display:   Screen: 480x480 RGB LCD (3.95 inch)[0m
[0;32mI (280) code_display: ===========================================[0m
[0;32mI (290) code_display: 初始化 ESP32-S3-LCD-EV-Board RGB LCD...[0m
[0;32mI (290) gpio: GPIO[45]| InputEn: 0| OutputEn: 1| OpenDrain: 0| Pullup: 0| Pulldown: 0| Intr:0 [0m
[0;32mI (300) code_display: 创建 RGB 面板...[0m
[1;31mE (310) lcd_panel.rgb: lcd_rgb_panel_alloc_frame_buffers(163): no mem for frame buffer[0m
[1;31mE (310) lcd_panel.rgb: esp_lcd_new_rgb_panel(346): alloc frame buffers failed[0m
ESP_ERROR_CHECK failed: esp_err_t 0x101 (ESP_ERR_NO_MEM) at 0x4200a40b
file: "./main/blink_example_main.c" line 186
func: lcd_init
expression: esp_lcd_new_rgb_panel(&rgb_config, &s_panel_handle)

abort() was called at PC 0x4037a727 on core 0


Backtrace: 0x40375b01:0x3fc98e40 0x4037a731:0x3fc98e60 0x40381015:0x3fc98e80 0x4037a727:0x3fc98ef0 0x4200a40b:0x3fc98f20 0x4200ab82:0x3fc99010 0x42017ccf:0x3fc99030 0x4037af1d:0x3fc99060




ELF file SHA256: ec9daf13a

Rebooting...
ESP-ROM:esp32s3-20210327
Build:Mar 27 2021
rst:0xc (RTC_SW_CPU_RST),boot:0x2a (SPI_FAST_FLASH_BOOT)
Saved PC:0x40375a40
SPIWP:0xee
mode:DIO, clock div:1
load:0x3fce2810,len:0x1564
load:0x403c8700,len:0x4
load:0x403c8704,len:0xd24
load:0x403cb700,len:0x2ed4
entry 0x403c8928
[0;32mI (26) boot: ESP-IDF v5.4.3 2nd stage bootloader[0m
[0;32mI (26) boot: compile time Apr  8 2026 10:58:48[0m
[0;32mI (26) boot: Multicore bootloader[0m
[0;32mI (27) boot: chip revision: v0.2[0m
[0;32mI (29) boot: efuse block revision: v1.3[0m
[0;32mI (33) boot.esp32s3: Boot SPI Speed : 80MHz[0m
[0;32mI (37) boot.esp32s3: SPI Mode       : DIO[0m
[0;32mI (40) boot.esp32s3: SPI Flash Size : 2MB[0m
[0;32mI (44) boot: Enabling RNG early entropy source...[0m
[0;32mI (49) boot: Partition Table:[0m
[0;32mI (51) boot: ## Label            Usage          Type ST Offset   Length[0m
[0;32mI (58) boot:  0 nvs              WiFi data        01 02 00009000 00006000[0m
[0;32mI (64) boot:  1 phy_init         RF data          01 01 0000f000 00001000[0m
[0;32mI (71) boot:  2 factory          factory app      00 00 00010000 00100000[0m
[0;32mI (77) boot: End of partition table[0m
[0;32mI (80) esp_image: segment 0: paddr=00010020 vaddr=3c020020 size=0bce4h ( 48356) map[0m
[0;32mI (96) esp_image: segment 1: paddr=0001bd0c vaddr=3fc93100 size=02d64h ( 11620) load[0m
[0;32mI (99) esp_image: segment 2: paddr=0001ea78 vaddr=40374000 size=015a0h (  5536) load[0m
[0;32mI (104) esp_image: segment 3: paddr=00020020 vaddr=42000020 size=18974h (100724) map[0m
[0;32mI (128) esp_image: segment 4: paddr=0003899c vaddr=403755a0 size=0daf8h ( 56056) load[0m
[0;32mI (141) esp_image: segment 5: paddr=0004649c vaddr=50000000 size=0001ch (    28) load[0m
[0;32mI (147) boot: Loaded app from partition at offset 0x10000[0m
[0;32mI (147) boot: Disabling RNG early entropy source...[0m
[0;32mI (158) cpu_start: Multicore app[0m
[0;32mI (167) cpu_start: Pro cpu start user code[0m
[0;32mI (167) cpu_start: cpu freq: 160000000 Hz[0m
[0;32mI (168) app_init: Application information:[0m
[0;32mI (168) app_init: Project name:     blink[0m
[0;32mI (171) app_init: App version:      9f79e94-dirty[0m
[0;32mI (176) app_init: Compile time:     Apr  8 2026 10:58:42[0m
[0;32mI (181) app_init: ELF file SHA256:  ec9daf13a...[0m
[0;32mI (185) app_init: ESP-IDF:          v5.4.3[0m
[0;32mI (189) efuse_init: Min chip rev:     v0.0[0m
[0;32mI (193) efuse_init: Max chip rev:     v0.99 [0m
[0;32mI (197) efuse_init: Chip rev:         v0.2[0m
[0;32mI (201) heap_init: Initializing. RAM available for dynamic allocation:[0m
[0;32mI (207) heap_init: At 3FC96750 len 00052FC0 (331 KiB): RAM[0m
[0;32mI (212) heap_init: At 3FCE9710 len 00005724 (21 KiB): RAM[0m
[0;32mI (217) heap_init: At 3FCF0000 len 00008000 (32 KiB): DRAM[0m
[0;32mI (222) heap_init: At 600FE000 len 00001FE8 (7 KiB): RTCRAM[0m
[0;32mI (229) spi_flash: detected chip: generic[0m
[0;32mI (231) spi_flash: flash io: dio[0m
[0;33mW (234) spi_flash: Detected size(8192k) larger than the size in the binary image header(2048k). Using the size in the binary image header.[0m
[0;32mI (246) sleep_gpio: Configure to isolate all GPIO pins in sleep state[0m
[0;32mI (253) sleep_gpio: Enable automatic switching of GPIO sleep configuration[0m
[0;32mI (260) main_task: Started on CPU0[0m
[0;32mI (270) main_task: Calling app_main()[0m
[0;32mI (270) code_display: ===========================================[0m
[0;32mI (270) code_display:   ESP32-S3-LCD-EV-Board Code Display Demo[0m
[0;32mI (280) code_display:   Screen: 480x480 RGB LCD (3.95 inch)[0m
[0;32mI (280) code_display: ===========================================[0m
[0;32mI (290) code_display: 初始化 ESP32-S3-LCD-EV-Board RGB LCD...[0m
[0;32mI (290) gpio: GPIO[45]| InputEn: 0| OutputEn: 1| OpenDrain: 0| Pullup: 0| Pulldown: 0| Intr:0 [0m
[0;32mI (300) code_display: 创建 RGB 面板...[0m
[1;31mE (310) lcd_panel.rgb: lcd_rgb_panel_alloc_frame_buffers(163): no mem for frame buffer[0m
[1;31mE (310) lcd_panel.rgb: esp_lcd_new_rgb_panel(346): alloc frame buffers failed[0m
ESP_ERROR_CHECK failed: esp_err_t 0x101 (ESP_ERR_NO_MEM) at 0x4200a40b
file: "./main/blink_example_main.c" line 186
func: lcd_init
expression: esp_lcd_new_rgb_panel(&rgb_config, &s_panel_handle)

abort() was called at PC 0x4037a727 on core 0


Backtrace: 0x40375b01:0x3fc98e40 0x4037a731:0x3fc98e60 0x40381015:0x3fc98e80 0x4037a727:0x3fc98ef0 0x4200a40b:0x3fc98f20 0x4200ab82:0x3fc99010 0x42017ccf:0x3fc99030 0x4037af1d:0x3fc99060




ELF file SHA256: ec9daf13a

Rebooting...
ESP-ROM:esp32s3-20210327
Build:Mar 27 2021
rst:0xc (RTC_SW_CPU_RST),boot:0x2a (SPI_FAST_FLASH_BOOT)
Saved PC:0x40375a40
SPIWP:0xee
mode:DIO, clock div:1
load:0x3fce2810,len:0x1564
load:0x403c8700,len:0x4
load:0x403c8704,len:0xd24
load:0x403cb700,len:0x2ed4
entry 0x403c8928
[0;32mI (26) boot: ESP-IDF v5.4.3 2nd stage bootloader[0m
[0;32mI (26) boot: compile time Apr  8 2026 10:58:48[0m
[0;32mI (26) boot: Multicore bootloader[0m
[0;32mI (27) boot: chip revision: v0.2[0m
[0;32mI (29) boot: efuse block revision: v1.3[0m
[0;32mI (33) boot.esp32s3: Boot SPI Speed : 80MHz[0m
[0;32mI (37) boot.esp32s3: SPI Mode       : DIO[0m
[0;32mI (40) boot.esp32s3: SPI Flash Size : 2MB[0m
[0;32mI (44) boot: Enabling RNG early entropy source...[0m
[0;32mI (49) boot: Partition Table:[0m
[0;32mI (51) boot: ## Label            Usage          Type ST Offset   Length[0m
[0;32mI (58) boot:  0 nvs              WiFi data        01 02 00009000 00006000[0m
[0;32mI (64) boot:  1 phy_init         RF data          01 01 0000f000 00001000[0m
[0;32mI (71) boot:  2 factory          factory app      00 00 00010000 00100000[0m
[0;32mI (77) boot: End of partition table[0m
[0;32mI (80) esp_image: segment 0: paddr=00010020 vaddr=3c020020 size=0bce4h ( 48356) map[0m
[0;32mI (96) esp_image: segment 1: paddr=0001bd0c vaddr=3fc93100 size=02d64h ( 11620) load[0m
[0;32mI (99) esp_image: segment 2: paddr=0001ea78 vaddr=40374000 size=015a0h (  5536) load[0m
[0;32mI (104) esp_image: segment 3: paddr=00020020 vaddr=42000020 size=18974h (100724) map[0m
[0;32mI (128) esp_image: segment 4: paddr=0003899c vaddr=403755a0 size=0daf8h ( 56056) load[0m
[0;32mI (141) esp_image: segment 5: paddr=0004649c vaddr=50000000 size=0001ch (    28) load[0m
[0;32mI (147) boot: Loaded app from partition at offset 0x10000[0m
[0;32mI (147) boot: Disabling RNG early entropy source...[0m
[0;32mI (158) cpu_start: Multicore app[0m
[0;32mI (167) cpu_start: Pro cpu start user code[0m
[0;32mI (167) cpu_start: cpu freq: 160000000 Hz[0m
[0;32mI (168) app_init: Application information:[0m
[0;32mI (168) app_init: Project name:     blink[0m
[0;32mI (171) app_init: App version:      9f79e94-dirty[0m
[0;32mI (176) app_init: Compile time:     Apr  8 2026 10:58:42[0m
[0;32mI (181) app_init: ELF file SHA256:  ec9daf13a...[0m
[0;32mI (185) app_init: ESP-IDF:          v5.4.3[0m
[0;32mI (189) efuse_init: Min chip rev:     v0.0[0m
[0;32mI (193) efuse_init: Max chip rev:     v0.99 [0m
[0;32mI (197) efuse_init: Chip rev:         v0.2[0m
[0;32mI (201) heap_init: Initializing. RAM available for dynamic allocation:[0m
[0;32mI (207) heap_init: At 3FC96750 len 00052FC0 (331 KiB): RAM[0m
[0;32mI (212) heap_init: At 3FCE9710 len 00005724 (21 KiB): RAM[0m
[0;32mI (217) heap_init: At 3FCF0000 len 00008000 (32 KiB): DRAM[0m
[0;32mI (222) heap_init: At 600FE000 len 00001FE8 (7 KiB): RTCRAM[0m
[0;32mI (229) spi_flash: detected chip: generic[0m
[0;32mI (231) spi_flash: flash io: dio[0m
[0;33mW (234) spi_flash: Detected size(8192k) larger than the size in the binary image header(2048k). Using the size in the binary image header.[0m
[0;32mI (246) sleep_gpio: Configure to isolate all GPIO pins in sleep state[0m
[0;32mI (253) sleep_gpio: Enable automatic switching of GPIO sleep configuration[0m
[0;32mI (260) main_task: Started on CPU0[0m
[0;32mI (270) main_task: Calling app_main()[0m
[0;32mI (270) code_display: ===========================================[0m
[0;32mI (270) code_display:   ESP32-S3-LCD-EV-Board Code Display Demo[0m
[0;32mI (280) code_display:   Screen: 480x480 RGB LCD (3.95 inch)[0m
[0;32mI (280) code_display: ===========================================[0m
[0;32mI (290) code_display: 初始化 ESP32-S3-LCD-EV-Board RGB LCD...[0m
[0;32mI (290) gpio: GPIO[45]| InputEn: 0| OutputEn: 1| OpenDrain: 0| Pullup: 0| Pulldown: 0| Intr:0 [0m
[0;32mI (300) code_display: 创建 RGB 面板...[0m
[1;31mE (310) lcd_panel.rgb: lcd_rgb_panel_alloc_frame_buffers(163): no mem for frame buffer[0m
[1;31mE (310) lcd_panel.rgb: esp_lcd_new_rgb_panel(346): alloc frame buffers failed[0m
ESP_ERROR_CHECK failed: esp_err_t 0x101 (ESP_ERR_NO_MEM) at 0x4200a40b
file: "./main/blink_example_main.c" line 186
func: lcd_init
expression: esp_lcd_new_rgb_panel(&rgb_config, &s_panel_handle)

abort() was called at PC 0x4037a727 on core 0


Backtrace: 0x40375b01:0x3fc98e40 0x4037a731:0x3fc98e60 0x40381015:0x3fc98e80 0x4037a727:0x3fc98ef0 0x4200a40b:0x3fc98f20 0x4200ab82:0x3fc99010 0x42017ccf:0x3fc99030 0x4037af1d:0x3fc99060




ELF file SHA256: ec9daf13a

Rebooting...
ESP-ROM:esp32s3-20210327
Build:Mar 27 2021
rst:0xc (RTC_SW_CPU_RST),boot:0x2a (SPI_FAST_FLASH_BOOT)
Saved PC:0x40375a40
SPIWP:0xee
mode:DIO, clock div:1
load:0x3fce2810,len:0x1564
load:0x403c8700,len:0x4
load:0x403c8704,len:0xd24
load:0x403cb700,len:0x2ed4
entry 0x403c8928
[0;32mI (26) boot: ESP-IDF v5.4.3 2nd stage bootloader[0m
[0;32mI (26) boot: compile time Apr  8 2026 10:58:48[0m
[0;32mI (26) boot: Multicore bootloader[0m
[0;32mI (27) boot: chip revision: v0.2[0m
[0;32mI (29) boot: efuse block revision: v1.3[0m
[0;32mI (33) boot.esp32s3: Boot SPI Speed : 80MHz[0m
[0;32mI (37) boot.esp32s3: SPI Mode       : DIO[0m
[0;32mI (40) boot.esp32s3: SPI Flash Size : 2MB[0m
[0;32mI (44) boot: Enabling RNG early entropy source...[0m
[0;32mI (49) boot: Partition Table:[0m
[0;32mI (51) boot: ## Label            Usage          Type ST Offset   Length[0m
[0;32mI (58) boot:  0 nvs              WiFi data        01 02 00009000 00006000[0m
[0;32mI (64) boot:  1 phy_init         RF data          01 01 0000f000 00001000[0m
[0;32mI (71) boot:  2 factory          factory app      00 00 00010000 00100000[0m
[0;32mI (77) boot: End of partition table[0m
[0;32mI (80) esp_image: segment 0: paddr=00010020 vaddr=3c020020 size=0bce4h ( 48356) map[0m
[0;32mI (96) esp_image: segment 1: paddr=0001bd0c vaddr=3fc93100 size=02d64h ( 11620) load[0m
[0;32mI (99) esp_image: segment 2: paddr=0001ea78 vaddr=40374000 size=015a0h (  5536) load[0m
[0;32mI (104) esp_image: segment 3: paddr=00020020 vaddr=42000020 size=18974h (100724) map[0m
[0;32mI (128) esp_image: segment 4: paddr=0003899c vaddr=403755a0 size=0daf8h ( 56056) load[0m
[0;32mI (141) esp_image: segment 5: paddr=0004649c vaddr=50000000 size=0001ch (    28) load[0m
[0;32mI (147) boot: Loaded app from partition at offset 0x10000[0m
[0;32mI (147) boot: Disabling RNG early entropy source...[0m
[0;32mI (158) cpu_start: Multicore app[0m
[0;32mI (167) cpu_start: Pro cpu start user code[0m
[0;32mI (167) cpu_start: cpu freq: 160000000 Hz[0m
[0;32mI (168) app_init: Application information:[0m
[0;32mI (168) app_init: Project name:     blink[0m
[0;32mI (171) app_init: App version:      9f79e94-dirty[0m
[0;32mI (176) app_init: Compile time:     Apr  8 2026 10:58:42[0m
[0;32mI (181) app_init: ELF file SHA256:  ec9daf13a...[0m
[0;32mI (185) app_init: ESP-IDF:          v5.4.3[0m
[0;32mI (189) efuse_init: Min chip rev:     v0.0[0m
[0;32mI (193) efuse_init: Max chip rev:     v0.99 [0m
[0;32mI (197) efuse_init: Chip rev:         v0.2[0m
[0;32mI (201) heap_init: Initializing. RAM available for dynamic allocation:[0m
[0;32mI (207) heap_init: At 3FC96750 len 00052FC0 (331 KiB): RAM[0m
[0;32mI (212) heap_init: At 3FCE9710 len 00005724 (21 KiB): RAM[0m
[0;32mI (217) heap_init: At 3FCF0000 len 00008000 (32 KiB): DRAM[0m
[0;32mI (222) heap_init: At 600FE000 len 00001FE8 (7 KiB): RTCRAM[0m
[0;32mI (229) spi_flash: detected chip: generic[0m
[0;32mI (231) spi_flash: flash io: dio[0m
[0;33mW (234) spi_flash: Detected size(8192k) larger than the size in the binary image header(2048k). Using the size in the binary image header.[0m
[0;32mI (246) sleep_gpio: Configure to isolate all GPIO pins in sleep state[0m
[0;32mI (253) sleep_gpio: Enable automatic switching of GPIO sleep configuration[0m
[0;32mI (260) main_task: Started on CPU0[0m
[0;32mI (270) main_task: Calling app_main()[0m
[0;32mI (270) code_display: ===========================================[0m
[0;32mI (270) code_display:   ESP32-S3-LCD-EV-Board Code Display Demo[0m
[0;32mI (280) code_display:   Screen: 480x480 RGB LCD (3.95 inch)[0m
[0;32mI (280) code_display: ===========================================[0m
[0;32mI (290) code_display: 初始化 ESP32-S3-LCD-EV-Board RGB LCD...[0m
[0;32mI (290) gpio: GPIO[45]| InputEn: 0| OutputEn: 1| OpenDrain: 0| Pullup: 0| Pulldown: 0| Intr:0 [0m
[0;32mI (300) code_display: 创建 RGB 面板...[0m
[1;31mE (310) lcd_panel.rgb: lcd_rgb_panel_alloc_frame_buffers(163): no mem for frame buffer[0m
[1;31mE (310) lcd_panel.rgb: esp_lcd_new_rgb_panel(346): alloc frame buffers failed[0m
ESP_ERROR_CHECK failed: esp_err_t 0x101 (ESP_ERR_NO_MEM) at 0x4200a40b
file: "./main/blink_example_main.c" line 186
func: lcd_init
expression: esp_lcd_new_rgb_panel(&rgb_config, &s_panel_handle)

abort() was called at PC 0x4037a727 on core 0


Backtrace: 0x40375b01:0x3fc98e40 0x4037a731:0x3fc98e60 0x40381015:0x3fc98e80 0x4037a727:0x3fc98ef0 0x4200a40b:0x3fc98f20 0x4200ab82:0x3fc99010 0x42017ccf:0x3fc99030 0x4037af1d:0x3fc99060




ELF file SHA256: ec9daf13a

Rebooting...
ESP-ROM:esp32s3-20210327
Build:Mar 27 2021
rst:0xc (RTC_SW_CPU_RST),boot:0x2a (SPI_FAST_FLASH_BOOT)
Saved PC:0x40375a40
SPIWP:0xee
mode:DIO, clock div:1
load:0x3fce2810,len:0x1564
load:0x403c8700,len:0x4
load:0x403c8704,len:0xd24
load:0x403cb700,len:0x2ed4
entry 0x403c8928
[0;32mI (26) boot: ESP-IDF v5.4.3 2nd stage bootloader[0m
[0;32mI (26) boot: compile time Apr  8 2026 10:58:48[0m
[0;32mI (26) boot: Multicore bootloader[0m
[0;32mI (27) boot: chip revision: v0.2[0m
[0;32mI (29) boot: efuse block revision: v1.3[0m
[0;32mI (33) boot.esp32s3: Boot SPI Speed : 80MHz[0m
[0;32mI (37) boot.esp32s3: SPI Mode       : DIO[0m
[0;32mI (40) boot.esp32s3: SPI Flash Size : 2MB[0m
[0;32mI (44) boot: Enabling RNG early entropy source...[0m
[0;32mI (49) boot: Partition Table:[0m
[0;32mI (51) boot: ## Label            Usage          Type ST Offset   Length[0m
[0;32mI (58) boot:  0 nvs              WiFi data        01 02 00009000 00006000[0m
[0;32mI (64) boot:  1 phy_init         RF data          01 01 0000f000 00001000[0m
[0;32mI (71) boot:  2 factory          factory app      00 00 00010000 00100000[0m
[0;32mI (77) boot: End of partition table[0m
[0;32mI (80) esp_image: segment 0: paddr=00010020 vaddr=3c020020 size=0bce4h ( 48356) map[0m
[0;32mI (96) esp_image: segment 1: paddr=0001bd0c vaddr=3fc93100 size=02d64h ( 11620) load[0m
[0;32mI (99) esp_image: segment 2: paddr=0001ea78 vaddr=40374000 size=015a0h (  5536) load[0m
[0;32mI (104) esp_image: segment 3: paddr=00020020 vaddr=42000020 size=18974h (100724) map[0m
[0;32mI (128) esp_image: segment 4: paddr=0003899c vaddr=403755a0 size=0daf8h ( 56056) load[0m
[0;32mI (141) esp_image: segment 5: paddr=0004649c vaddr=50000000 size=0001ch (    28) load[0m
[0;32mI (147) boot: Loaded app from partition at offset 0x10000[0m
[0;32mI (147) boot: Disabling RNG early entropy source...[0m
[0;32mI (158) cpu_start: Multicore app[0m
[0;32mI (167) cpu_start: Pro cpu start user code[0m
[0;32mI (167) cpu_start: cpu freq: 160000000 Hz[0m
[0;32mI (168) app_init: Application information:[0m
[0;32mI (168) app_init: Project name:     blink[0m
[0;32mI (171) app_init: App version:      9f79e94-dirty[0m
[0;32mI (176) app_init: Compile time:     Apr  8 2026 10:58:42[0m
[0;32mI (181) app_init: ELF file SHA256:  ec9daf13a...[0m
[0;32mI (185) app_init: ESP-IDF:          v5.4.3[0m
[0;32mI (189) efuse_init: Min chip rev:     v0.0[0m
[0;32mI (193) efuse_init: Max chip rev:     v0.99 [0m
[0;32mI (197) efuse_init: Chip rev:         v0.2[0m
[0;32mI (201) heap_init: Initializing. RAM available for dynamic allocation:[0m
[0;32mI (207) heap_init: At 3FC96750 len 00052FC0 (331 KiB): RAM[0m
[0;32mI (212) heap_init: At 3FCE9710 len 00005724 (21 KiB): RAM[0m
[0;32mI (217) heap_init: At 3FCF0000 len 00008000 (32 KiB): DRAM[0m
[0;32mI (222) heap_init: At 600FE000 len 00001FE8 (7 KiB): RTCRAM[0m
[0;32mI (229) spi_flash: detected chip: generic[0m
[0;32mI (231) spi_flash: flash io: dio[0m
[0;33mW (234) spi_flash: Detected size(8192k) larger than the size in the binary image header(2048k). Using the size in the binary image header.[0m
[0;32mI (246) sleep_gpio: Configure to isolate all GPIO pins in sleep state[0m
[0;32mI (253) sleep_gpio: Enable automatic switching of GPIO sleep configuration[0m
[0;32mI (260) main_task: Started on CPU0[0m
[0;32mI (270) main_task: Calling app_main()[0m
[0;32mI (270) code_display: ===========================================[0m
[0;32mI (270) code_display:   ESP32-S3-LCD-EV-Board Code Display Demo[0m
[0;32mI (280) code_display:   Screen: 480x480 RGB LCD (3.95 inch)[0m
[0;32mI (280) code_display: ===========================================[0m
[0;32mI (290) code_display: 初始化 ESP32-S3-LCD-EV-Board RGB LCD...[0m
[0;32mI (290) gpio: GPIO[45]| InputEn: 0| OutputEn: 1| OpenDrain: 0| Pullup: 0| Pulldown: 0| Intr:0 [0m
[0;32mI (300) code_display: 创建 RGB 面板...[0m
[1;31mE (310) lcd_panel.rgb: lcd_rgb_panel_alloc_frame_buffers(163): no mem for frame buffer[0m
[1;31mE (310) lcd_panel.rgb: esp_lcd_new_rgb_panel(346): alloc frame buffers failed[0m
ESP_ERROR_CHECK failed: esp_err_t 0x101 (ESP_ERR_NO_MEM) at 0x4200a40b
file: "./main/blink_example_main.c" line 186
func: lcd_init
expression: esp_lcd_new_rgb_panel(&rgb_config, &s_panel_handle)

abort() was called at PC 0x4037a727 on core 0


Backtrace: 0x40375b01:0x3fc98e40 0x4037a731:0x3fc98e60 0x40381015:0x3fc98e80 0x4037a727:0x3fc98ef0 0x4200a40b:0x3fc98f20 0x4200ab82:0x3fc99010 0x42017ccf:0x3fc99030 0x4037af1d:0x3fc99060




ELF file SHA256: ec9daf13a

Rebooting...
ESP-ROM:esp32s3-20210327
Build:Mar 27 2021
rst:0xc (RTC_SW_CPU_RST),boot:0x2a (SPI_FAST_FLASH_BOOT)
Saved PC:0x40375a40
SPIWP:0xee
mode:DIO, clock div:1
load:0x3fce2810,len:0x1564
load:0x403c8700,len:0x4
load:0x403c8704,len:0xd24
load:0x403cb700,len:0x2ed4
entry 0x403c8928
[0;32mI (26) boot: ESP-IDF v5.4.3 2nd stage bootloader[0m
[0;32mI (26) boot: compile time Apr  8 2026 10:58:48[0m
[0;32mI (26) boot: Multicore bootloader[0m
[0;32mI (27) boot: chip revision: v0.2[0m
[0;32mI (29) boot: efuse block revision: v1.3[0m
[0;32mI (33) boot.esp32s3: Boot SPI Speed : 80MHz[0m
[0;32mI (37) boot.esp32s3: SPI Mode       : DIO[0m
[0;32mI (40) boot.esp32s3: SPI Flash Size : 2MB[0m
[0;32mI (44) boot: Enabling RNG early entropy source...[0m
[0;32mI (49) boot: Partition Table:[0m
[0;32mI (51) boot: ## Label            Usage          Type ST Offset   Length[0m
[0;32mI (58) boot:  0 nvs              WiFi data        01 02 00009000 00006000[0m
[0;32mI (64) boot:  1 phy_init         RF data          01 01 0000f000 00001000[0m
[0;32mI (71) boot:  2 factory          factory app      00 00 00010000 00100000[0m
[0;32mI (77) boot: End of partition table[0m
[0;32mI (80) esp_image: segment 0: paddr=00010020 vaddr=3c020020 size=0bce4h ( 48356) map[0m
[0;32mI (96) esp_image: segment 1: paddr=0001bd0c vaddr=3fc93100 size=02d64h ( 11620) load[0m
[0;32mI (99) esp_image: segment 2: paddr=0001ea78 vaddr=40374000 size=015a0h (  5536) load[0m
[0;32mI (104) esp_image: segment 3: paddr=00020020 vaddr=42000020 size=18974h (100724) map[0m
[0;32mI (128) esp_image: segment 4: paddr=0003899c vaddr=403755a0 size=0daf8h ( 56056) load[0m
[0;32mI (141) esp_image: segment 5: paddr=0004649c vaddr=50000000 size=0001ch (    28) load[0m
[0;32mI (147) boot: Loaded app from partition at offset 0x10000[0m
[0;32mI (147) boot: Disabling RNG early entropy source...[0m
[0;32mI (158) cpu_start: Multicore app[0m
[0;32mI (167) cpu_start: Pro cpu start user code[0m
[0;32mI (167) cpu_start: cpu freq: 160000000 Hz[0m
[0;32mI (168) app_init: Application information:[0m
[0;32mI (168) app_init: Project name:     blink[0m
[0;32mI (171) app_init: App version:      9f79e94-dirty[0m
[0;32mI (176) app_init: Compile time:     Apr  8 2026 10:58:42[0m
[0;32mI (181) app_init: ELF file SHA256:  ec9daf13a...[0m
[0;32mI (185) app_init: ESP-IDF:          v5.4.3[0m
[0;32mI (189) efuse_init: Min chip rev:     v0.0[0m
[0;32mI (193) efuse_init: Max chip rev:     v0.99 [0m
[0;32mI (197) efuse_init: Chip rev:         v0.2[0m
[0;32mI (201) heap_init: Initializing. RAM available for dynamic allocation:[0m
[0;32mI (207) heap_init: At 3FC96750 len 00052FC0 (331 KiB): RAM[0m
[0;32mI (212) heap_init: At 3FCE9710 len 00005724 (21 KiB): RAM[0m
[0;32mI (217) heap_init: At 3FCF0000 len 00008000 (32 KiB): DRAM[0m
[0;32mI (222) heap_init: At 600FE000 len 00001FE8 (7 KiB): RTCRAM[0m
[0;32mI (229) spi_flash: detected chip: generic[0m
[0;32mI (231) spi_flash: flash io: dio[0m
[0;33mW (234) spi_flash: Detected size(8192k) larger than the size in the binary image header(2048k). Using the size in the binary image header.[0m
